Jun  8 00:31:47 DESKTOP-QEHGMK8 kernel: [    0.000000] Linux version 5.15.146.1-microsoft-standard-WSL2 (root@65c757a075e2) (gcc (GCC) 11.2.0, GNU ld (GNU Binutils) 2.37) #1 SMP Thu Jan 11 04:09:03 UTC 2024
Jun  8 00:31:47 DESKTOP-QEHGMK8 kernel: [    0.000000] Command line: initrd=\initrd.img WSL_ROOT_INIT=1 panic=-1 nr_cpus=8 hv_utils.timesync_implicit=1 console=hvc0 debug pty.legacy_count=0
Jun  8 00:31:47 DESKTOP-QEHGMK8 kernel: [    0.000000] KERNEL supported cpus:
Jun  8 00:31:47 DESKTOP-QEHGMK8 kernel: [    0.000000]   Intel GenuineIntel
Jun  8 00:31:47 DESKTOP-QEHGMK8 kernel: [    0.000000]   AMD AuthenticAMD
Jun  8 00:31:47 DESKTOP-QEHGMK8 kernel: [    0.000000]   Centaur CentaurHauls
Jun  8 00:31:47 DESKTOP-QEHGMK8 kernel: [    0.000000] BIOS-provided physical RAM map:
Jun  8 00:31:47 DESKTOP-QEHGMK8 kernel: [    0.000000] BIOS-e820: [mem 0x0000000000000000-0x000000000009ffff] usable
Jun  8 00:31:47 DESKTOP-QEHGMK8 kernel: [    0.000000] BIOS-e820: [mem 0x00000000000e0000-0x00000000000e0fff] reserved
Jun  8 00:31:47 DESKTOP-QEHGMK8 kernel: [    0.000000] BIOS-e820: [mem 0x0000000000100000-0x00000000001fffff] ACPI data
Jun  8 00:31:47 DESKTOP-QEHGMK8 kernel: [    0.000000] BIOS-e820: [mem 0x0000000000200000-0x00000000bdffffff] usable
Jun  8 00:31:47 DESKTOP-QEHGMK8 kernel: [    0.000000] NX (Execute Disable) protection: active
Jun  8 00:31:47 DESKTOP-QEHGMK8 kernel: [    0.000000] DMI not present or invalid.
Jun  8 00:31:47 DESKTOP-QEHGMK8 kernel: [    0.000000] Hypervisor detected: Microsoft Hyper-V
Jun  8 00:31:47 DESKTOP-QEHGMK8 kernel: [    0.000000] Hyper-V: privilege flags low 0xae7f, high 0x3b8030, hints 0x2c2c, misc 0xc0bed7b6
Jun  8 00:31:47 DESKTOP-QEHGMK8 kernel: [    0.000000] Hyper-V Host Build:22621-10.0-3-0.3593
Jun  8 00:31:47 DESKTOP-QEHGMK8 kernel: [    0.000000] Hyper-V: Nested features: 0x4a0000
Jun  8 00:31:47 DESKTOP-QEHGMK8 kernel: [    0.000000] Hyper-V: LAPIC Timer Frequency: 0x1e8480
Jun  8 00:31:47 DESKTOP-QEHGMK8 kernel: [    0.000000] Hyper-V: Using hypercall for remote TLB flush
Jun  8 00:31:47 DESKTOP-QEHGMK8 kernel: [    0.000000] clocksource: hyperv_clocksource_tsc_page: mask: 0xffffffffffffffff max_cycles: 0x24e6a1710, max_idle_ns: 440795202120 ns
Jun  8 00:31:47 DESKTOP-QEHGMK8 kernel: [    0.000003] tsc: Detected 2295.617 MHz processor
Jun  8 00:31:47 DESKTOP-QEHGMK8 kernel: [    0.000010] e820: update [mem 0x00000000-0x00000fff] usable ==> reserved
Jun  8 00:31:47 DESKTOP-QEHGMK8 kernel: [    0.000013] e820: remove [mem 0x000a0000-0x000fffff] usable
Jun  8 00:31:47 DESKTOP-QEHGMK8 kernel: [    0.000017] last_pfn = 0xbe000 max_arch_pfn = 0x400000000
Jun  8 00:31:47 DESKTOP-QEHGMK8 kernel: [    0.000057] x86/PAT: Configuration [0-7]: WB  WC  UC- UC  WB  WP  UC- WT  
Jun  8 00:31:47 DESKTOP-QEHGMK8 kernel: [    0.000095] Using GB pages for direct mapping
Jun  8 00:31:47 DESKTOP-QEHGMK8 kernel: [    0.000172] RAMDISK: [mem 0x03dd8000-0x03faefff]
Jun  8 00:31:47 DESKTOP-QEHGMK8 kernel: [    0.000175] ACPI: Early table checksum verification disabled
Jun  8 00:31:47 DESKTOP-QEHGMK8 kernel: [    0.000178] ACPI: RSDP 0x00000000000E0000 000024 (v02 VRTUAL)
Jun  8 00:31:47 DESKTOP-QEHGMK8 kernel: [    0.000183] ACPI: XSDT 0x0000000000100000 000044 (v01 VRTUAL MICROSFT 00000001 MSFT 00000001)
Jun  8 00:31:47 DESKTOP-QEHGMK8 kernel: [    0.000188] ACPI: FACP 0x0000000000101000 000114 (v06 VRTUAL MICROSFT 00000001 MSFT 00000001)
Jun  8 00:31:47 DESKTOP-QEHGMK8 kernel: [    0.000193] ACPI: DSDT 0x00000000001011B8 01E191 (v02 MSFTVM DSDT01   00000001 MSFT 05000000)
Jun  8 00:31:47 DESKTOP-QEHGMK8 kernel: [    0.000197] ACPI: FACS 0x0000000000101114 000040
Jun  8 00:31:47 DESKTOP-QEHGMK8 kernel: [    0.000200] ACPI: OEM0 0x0000000000101154 000064 (v01 VRTUAL MICROSFT 00000001 MSFT 00000001)
Jun  8 00:31:47 DESKTOP-QEHGMK8 kernel: [    0.000203] ACPI: SRAT 0x000000000011F349 000330 (v02 VRTUAL MICROSFT 00000001 MSFT 00000001)
Jun  8 00:31:47 DESKTOP-QEHGMK8 kernel: [    0.000206] ACPI: APIC 0x000000000011F679 000088 (v04 VRTUAL MICROSFT 00000001 MSFT 00000001)
Jun  8 00:31:47 DESKTOP-QEHGMK8 kernel: [    0.000209] ACPI: Reserving FACP table memory at [mem 0x101000-0x101113]
Jun  8 00:31:47 DESKTOP-QEHGMK8 kernel: [    0.000210] ACPI: Reserving DSDT table memory at [mem 0x1011b8-0x11f348]
Jun  8 00:31:47 DESKTOP-QEHGMK8 kernel: [    0.000212] ACPI: Reserving FACS table memory at [mem 0x101114-0x101153]
Jun  8 00:31:47 DESKTOP-QEHGMK8 kernel: [    0.000213] ACPI: Reserving OEM0 table memory at [mem 0x101154-0x1011b7]
Jun  8 00:31:47 DESKTOP-QEHGMK8 kernel: [    0.000214] ACPI: Reserving SRAT table memory at [mem 0x11f349-0x11f678]
Jun  8 00:31:47 DESKTOP-QEHGMK8 kernel: [    0.000215] ACPI: Reserving APIC table memory at [mem 0x11f679-0x11f700]
Jun  8 00:31:47 DESKTOP-QEHGMK8 kernel: [    0.000681] Zone ranges:
Jun  8 00:31:47 DESKTOP-QEHGMK8 kernel: [    0.000683]   DMA      [mem 0x0000000000001000-0x0000000000ffffff]
Jun  8 00:31:47 DESKTOP-QEHGMK8 kernel: [    0.000685]   DMA32    [mem 0x0000000001000000-0x00000000bdffffff]
Jun  8 00:31:47 DESKTOP-QEHGMK8 kernel: [    0.000687]   Normal   empty
Jun  8 00:31:47 DESKTOP-QEHGMK8 kernel: [    0.000688]   Device   empty
Jun  8 00:31:47 DESKTOP-QEHGMK8 kernel: [    0.000689] Movable zone start for each node
Jun  8 00:31:47 DESKTOP-QEHGMK8 kernel: [    0.000690] Early memory node ranges
Jun  8 00:31:47 DESKTOP-QEHGMK8 kernel: [    0.000691]   node   0: [mem 0x0000000000001000-0x000000000009ffff]
Jun  8 00:31:47 DESKTOP-QEHGMK8 kernel: [    0.000693]   node   0: [mem 0x0000000000200000-0x00000000bdffffff]
Jun  8 00:31:47 DESKTOP-QEHGMK8 kernel: [    0.000694] Initmem setup node 0 [mem 0x0000000000001000-0x00000000bdffffff]
Jun  8 00:31:47 DESKTOP-QEHGMK8 kernel: [    0.000885] On node 0, zone DMA: 1 pages in unavailable ranges
Jun  8 00:31:47 DESKTOP-QEHGMK8 kernel: [    0.000913] On node 0, zone DMA: 352 pages in unavailable ranges
Jun  8 00:31:47 DESKTOP-QEHGMK8 kernel: [    0.001886] On node 0, zone DMA32: 8192 pages in unavailable ranges
Jun  8 00:31:47 DESKTOP-QEHGMK8 kernel: [    0.001947] ACPI: LAPIC_NMI (acpi_id[0x01] dfl dfl lint[0x1])
Jun  8 00:31:47 DESKTOP-QEHGMK8 kernel: [    0.002514] IOAPIC[0]: apic_id 8, version 17, address 0xfec00000, GSI 0-23
Jun  8 00:31:47 DESKTOP-QEHGMK8 kernel: [    0.002520] ACPI: INT_SRC_OVR (bus 0 bus_irq 9 global_irq 9 high level)
Jun  8 00:31:47 DESKTOP-QEHGMK8 kernel: [    0.002524] ACPI: Using ACPI (MADT) for SMP configuration information
Jun  8 00:31:47 DESKTOP-QEHGMK8 kernel: [    0.002532] smpboot: Allowing 8 CPUs, 0 hotplug CPUs
Jun  8 00:31:47 DESKTOP-QEHGMK8 kernel: [    0.002541] [mem 0xbe000000-0xffffffff] available for PCI devices
Jun  8 00:31:47 DESKTOP-QEHGMK8 kernel: [    0.002543] Booting paravirtualized kernel on Hyper-V
Jun  8 00:31:47 DESKTOP-QEHGMK8 kernel: [    0.002545] clocksource: refined-jiffies: mask: 0xffffffff max_cycles: 0xffffffff, max_idle_ns: 19112604462750000 ns
Jun  8 00:31:47 DESKTOP-QEHGMK8 kernel: [    0.007775] setup_percpu: NR_CPUS:256 nr_cpumask_bits:256 nr_cpu_ids:8 nr_node_ids:1
Jun  8 00:31:47 DESKTOP-QEHGMK8 kernel: [    0.008231] percpu: Embedded 53 pages/cpu s177624 r8192 d31272 u262144
Jun  8 00:31:47 DESKTOP-QEHGMK8 kernel: [    0.008237] pcpu-alloc: s177624 r8192 d31272 u262144 alloc=1*2097152
Jun  8 00:31:47 DESKTOP-QEHGMK8 kernel: [    0.008240] pcpu-alloc: [0] 0 1 2 3 4 5 6 7 
Jun  8 00:31:47 DESKTOP-QEHGMK8 kernel: [    0.008255] Hyper-V: PV spinlocks enabled
Jun  8 00:31:47 DESKTOP-QEHGMK8 kernel: [    0.008257] PV qspinlock hash table entries: 256 (order: 0, 4096 bytes, linear)
Jun  8 00:31:47 DESKTOP-QEHGMK8 kernel: [    0.008261] Built 1 zonelists, mobility grouping on.  Total pages: 765573
Jun  8 00:31:47 DESKTOP-QEHGMK8 kernel: [    0.008263] Kernel command line: initrd=\initrd.img WSL_ROOT_INIT=1 panic=-1 nr_cpus=8 hv_utils.timesync_implicit=1 console=hvc0 debug pty.legacy_count=0
Jun  8 00:31:47 DESKTOP-QEHGMK8 kernel: [    0.008337] Unknown kernel command line parameters "WSL_ROOT_INIT=1", will be passed to user space.
Jun  8 00:31:47 DESKTOP-QEHGMK8 kernel: [    0.009615] Dentry cache hash table entries: 524288 (order: 10, 4194304 bytes, linear)
Jun  8 00:31:47 DESKTOP-QEHGMK8 kernel: [    0.010865] Inode-cache hash table entries: 262144 (order: 9, 2097152 bytes, linear)
Jun  8 00:31:47 DESKTOP-QEHGMK8 kernel: [    0.011090] mem auto-init: stack:off, heap alloc:off, heap free:off
Jun  8 00:31:47 DESKTOP-QEHGMK8 kernel: [    0.013521] Memory: 257952K/3111548K available (18452K kernel code, 2628K rwdata, 9636K rodata, 2004K init, 1824K bss, 102624K reserved, 0K cma-reserved)
Jun  8 00:31:47 DESKTOP-QEHGMK8 kernel: [    0.013577] SLUB: HWalign=64, Order=0-3, MinObjects=0, CPUs=8, Nodes=1
Jun  8 00:31:47 DESKTOP-QEHGMK8 kernel: [    0.013621] ftrace: allocating 52828 entries in 207 pages
Jun  8 00:31:47 DESKTOP-QEHGMK8 kernel: [    0.038979] ftrace: allocated 207 pages with 6 groups
Jun  8 00:31:47 DESKTOP-QEHGMK8 kernel: [    0.039068] rcu: Hierarchical RCU implementation.
Jun  8 00:31:47 DESKTOP-QEHGMK8 kernel: [    0.039069] rcu: 	RCU restricting CPUs from NR_CPUS=256 to nr_cpu_ids=8.
Jun  8 00:31:47 DESKTOP-QEHGMK8 kernel: [    0.039071] 	Rude variant of Tasks RCU enabled.
Jun  8 00:31:47 DESKTOP-QEHGMK8 kernel: [    0.039072] 	Tracing variant of Tasks RCU enabled.
Jun  8 00:31:47 DESKTOP-QEHGMK8 kernel: [    0.039073] rcu: RCU calculated value of scheduler-enlistment delay is 10 jiffies.
Jun  8 00:31:47 DESKTOP-QEHGMK8 kernel: [    0.039074] rcu: Adjusting geometry for rcu_fanout_leaf=16, nr_cpu_ids=8
Jun  8 00:31:47 DESKTOP-QEHGMK8 kernel: [    0.043005] Using NULL legacy PIC
Jun  8 00:31:47 DESKTOP-QEHGMK8 kernel: [    0.043008] NR_IRQS: 16640, nr_irqs: 488, preallocated irqs: 0
Jun  8 00:31:47 DESKTOP-QEHGMK8 kernel: [    0.043681] random: crng init done
Jun  8 00:31:47 DESKTOP-QEHGMK8 kernel: [    0.043712] Console: colour dummy device 80x25
Jun  8 00:31:47 DESKTOP-QEHGMK8 kernel: [    0.043722] ACPI: Core revision 20210730
Jun  8 00:31:47 DESKTOP-QEHGMK8 kernel: [    0.043808] Failed to register legacy timer interrupt
Jun  8 00:31:47 DESKTOP-QEHGMK8 kernel: [    0.043809] APIC: Switch to symmetric I/O mode setup
Jun  8 00:31:47 DESKTOP-QEHGMK8 kernel: [    0.043837] Hyper-V: Using IPI hypercalls
Jun  8 00:31:47 DESKTOP-QEHGMK8 kernel: [    0.043838] Hyper-V: Using enlightened APIC (xapic mode)
Jun  8 00:31:47 DESKTOP-QEHGMK8 kernel: [    0.043976] clocksource: tsc-early: mask: 0xffffffffffffffff max_cycles: 0x211708baae2, max_idle_ns: 440795274168 ns
Jun  8 00:31:47 DESKTOP-QEHGMK8 kernel: [    0.043984] Calibrating delay loop (skipped), value calculated using timer frequency.. 4591.23 BogoMIPS (lpj=22956170)
Jun  8 00:31:47 DESKTOP-QEHGMK8 kernel: [    0.044044] AMD Zen1 DIV0 bug detected. Disable SMT for full protection.
Jun  8 00:31:47 DESKTOP-QEHGMK8 kernel: [    0.044255] Last level iTLB entries: 4KB 1024, 2MB 1024, 4MB 512
Jun  8 00:31:47 DESKTOP-QEHGMK8 kernel: [    0.044257] Last level dTLB entries: 4KB 1536, 2MB 1536, 4MB 768, 1GB 0
Jun  8 00:31:47 DESKTOP-QEHGMK8 kernel: [    0.044260] Spectre V1 : Mitigation: usercopy/swapgs barriers and __user pointer sanitization
Jun  8 00:31:47 DESKTOP-QEHGMK8 kernel: [    0.044262] Spectre V2 : Mitigation: Retpolines
Jun  8 00:31:47 DESKTOP-QEHGMK8 kernel: [    0.044263] Spectre V2 : Spectre v2 / SpectreRSB mitigation: Filling RSB on context switch
Jun  8 00:31:47 DESKTOP-QEHGMK8 kernel: [    0.044264] Spectre V2 : Spectre v2 / SpectreRSB : Filling RSB on VMEXIT
Jun  8 00:31:47 DESKTOP-QEHGMK8 kernel: [    0.044265] Spectre V2 : Enabling Speculation Barrier for firmware calls
Jun  8 00:31:47 DESKTOP-QEHGMK8 kernel: [    0.044265] RETBleed: Mitigation: untrained return thunk
Jun  8 00:31:47 DESKTOP-QEHGMK8 kernel: [    0.044267] Spectre V2 : mitigation: Enabling conditional Indirect Branch Prediction Barrier
Jun  8 00:31:47 DESKTOP-QEHGMK8 kernel: [    0.044269] Speculative Store Bypass: Mitigation: Speculative Store Bypass disabled via prctl and seccomp
Jun  8 00:31:47 DESKTOP-QEHGMK8 kernel: [    0.044270] Speculative Return Stack Overflow: Mitigation: safe RET
Jun  8 00:31:47 DESKTOP-QEHGMK8 kernel: [    0.044285] x86/fpu: Supporting XSAVE feature 0x001: 'x87 floating point registers'
Jun  8 00:31:47 DESKTOP-QEHGMK8 kernel: [    0.044287] x86/fpu: Supporting XSAVE feature 0x002: 'SSE registers'
Jun  8 00:31:47 DESKTOP-QEHGMK8 kernel: [    0.044288] x86/fpu: Supporting XSAVE feature 0x004: 'AVX registers'
Jun  8 00:31:47 DESKTOP-QEHGMK8 kernel: [    0.044290] x86/fpu: xstate_offset[2]:  576, xstate_sizes[2]:  256
Jun  8 00:31:47 DESKTOP-QEHGMK8 kernel: [    0.044291] x86/fpu: Enabled xstate features 0x7, context size is 832 bytes, using 'standard' format.
Jun  8 00:31:47 DESKTOP-QEHGMK8 kernel: [    0.053354] Freeing SMP alternatives memory: 60K
Jun  8 00:31:47 DESKTOP-QEHGMK8 kernel: [    0.053360] pid_max: default: 32768 minimum: 301
Jun  8 00:31:47 DESKTOP-QEHGMK8 kernel: [    0.053382] LSM: Security Framework initializing
Jun  8 00:31:47 DESKTOP-QEHGMK8 kernel: [    0.053390] landlock: Up and running.
Jun  8 00:31:47 DESKTOP-QEHGMK8 kernel: [    0.053412] Mount-cache hash table entries: 8192 (order: 4, 65536 bytes, linear)
Jun  8 00:31:47 DESKTOP-QEHGMK8 kernel: [    0.053419] Mountpoint-cache hash table entries: 8192 (order: 4, 65536 bytes, linear)
Jun  8 00:31:47 DESKTOP-QEHGMK8 kernel: [    0.053659] smpboot: CPU0: AMD Ryzen 7 3700U with Radeon Vega Mobile Gfx (family: 0x17, model: 0x18, stepping: 0x1)
Jun  8 00:31:47 DESKTOP-QEHGMK8 kernel: [    0.053764] Performance Events: Fam17h+ core perfctr, AMD PMU driver.
Jun  8 00:31:47 DESKTOP-QEHGMK8 kernel: [    0.053783] ... version:                0
Jun  8 00:31:47 DESKTOP-QEHGMK8 kernel: [    0.053784] ... bit width:              48
Jun  8 00:31:47 DESKTOP-QEHGMK8 kernel: [    0.053784] ... generic registers:      6
Jun  8 00:31:47 DESKTOP-QEHGMK8 kernel: [    0.053785] ... value mask:             0000ffffffffffff
Jun  8 00:31:47 DESKTOP-QEHGMK8 kernel: [    0.053786] ... max period:             00007fffffffffff
Jun  8 00:31:47 DESKTOP-QEHGMK8 kernel: [    0.053787] ... fixed-purpose events:   0
Jun  8 00:31:47 DESKTOP-QEHGMK8 kernel: [    0.053788] ... event mask:             000000000000003f
Jun  8 00:31:47 DESKTOP-QEHGMK8 kernel: [    0.053830] signal: max sigframe size: 1776
Jun  8 00:31:47 DESKTOP-QEHGMK8 kernel: [    0.053844] rcu: Hierarchical SRCU implementation.
Jun  8 00:31:47 DESKTOP-QEHGMK8 kernel: [    0.053980] smp: Bringing up secondary CPUs ...
Jun  8 00:31:47 DESKTOP-QEHGMK8 kernel: [    0.053980] x86: Booting SMP configuration:
Jun  8 00:31:47 DESKTOP-QEHGMK8 kernel: [    0.053980] .... node  #0, CPUs:      #1 #2 #3 #4 #5 #6 #7
Jun  8 00:31:47 DESKTOP-QEHGMK8 kernel: [    0.054449] smp: Brought up 1 node, 8 CPUs
Jun  8 00:31:47 DESKTOP-QEHGMK8 kernel: [    0.054449] smpboot: Max logical packages: 1
Jun  8 00:31:47 DESKTOP-QEHGMK8 kernel: [    0.054449] smpboot: Total of 8 processors activated (36729.87 BogoMIPS)
Jun  8 00:31:47 DESKTOP-QEHGMK8 kernel: [    0.068800] node 0 deferred pages initialised in 10ms
Jun  8 00:31:47 DESKTOP-QEHGMK8 kernel: [    0.068800] devtmpfs: initialized
Jun  8 00:31:47 DESKTOP-QEHGMK8 kernel: [    0.068800] x86/mm: Memory block size: 128MB
Jun  8 00:31:47 DESKTOP-QEHGMK8 kernel: [    0.074231] clocksource: jiffies: mask: 0xffffffff max_cycles: 0xffffffff, max_idle_ns: 19112604462750000 ns
Jun  8 00:31:47 DESKTOP-QEHGMK8 kernel: [    0.074231] futex hash table entries: 2048 (order: 5, 131072 bytes, linear)
Jun  8 00:31:47 DESKTOP-QEHGMK8 kernel: [    0.074545] NET: Registered PF_NETLINK/PF_ROUTE protocol family
Jun  8 00:31:47 DESKTOP-QEHGMK8 kernel: [    0.074629] audit: initializing netlink subsys (disabled)
Jun  8 00:31:47 DESKTOP-QEHGMK8 kernel: [    0.074663] audit: type=2000 audit(1717821104.030:1): state=initialized audit_enabled=0 res=1
Jun  8 00:31:47 DESKTOP-QEHGMK8 kernel: [    0.074663] thermal_sys: Registered thermal governor 'step_wise'
Jun  8 00:31:47 DESKTOP-QEHGMK8 kernel: [    0.074663] cpuidle: using governor menu
Jun  8 00:31:47 DESKTOP-QEHGMK8 kernel: [    0.074663] ACPI: bus type PCI registered
Jun  8 00:31:47 DESKTOP-QEHGMK8 kernel: [    0.074663] PCI: Fatal: No config space access function found
Jun  8 00:31:47 DESKTOP-QEHGMK8 kernel: [    0.075978] kprobes: kprobe jump-optimization is enabled. All kprobes are optimized if possible.
Jun  8 00:31:47 DESKTOP-QEHGMK8 kernel: [    0.076043] HugeTLB registered 1.00 GiB page size, pre-allocated 0 pages
Jun  8 00:31:47 DESKTOP-QEHGMK8 kernel: [    0.076043] HugeTLB registered 2.00 MiB page size, pre-allocated 0 pages
Jun  8 00:31:47 DESKTOP-QEHGMK8 kernel: [    0.084084] raid6: skip pq benchmark and using algorithm avx2x4
Jun  8 00:31:47 DESKTOP-QEHGMK8 kernel: [    0.084084] raid6: using avx2x2 recovery algorithm
Jun  8 00:31:47 DESKTOP-QEHGMK8 kernel: [    0.084084] ACPI: Added _OSI(Module Device)
Jun  8 00:31:47 DESKTOP-QEHGMK8 kernel: [    0.084084] ACPI: Added _OSI(Processor Device)
Jun  8 00:31:47 DESKTOP-QEHGMK8 kernel: [    0.084084] ACPI: Added _OSI(3.0 _SCP Extensions)
Jun  8 00:31:47 DESKTOP-QEHGMK8 kernel: [    0.084084] ACPI: Added _OSI(Processor Aggregator Device)
Jun  8 00:31:47 DESKTOP-QEHGMK8 kernel: [    0.084084] ACPI: Added _OSI(Linux-Dell-Video)
Jun  8 00:31:47 DESKTOP-QEHGMK8 kernel: [    0.084084] ACPI: Added _OSI(Linux-Lenovo-NV-HDMI-Audio)
Jun  8 00:31:47 DESKTOP-QEHGMK8 kernel: [    0.084084] ACPI: Added _OSI(Linux-HPI-Hybrid-Graphics)
Jun  8 00:31:47 DESKTOP-QEHGMK8 kernel: [    0.089896] ACPI: 1 ACPI AML tables successfully acquired and loaded
Jun  8 00:31:47 DESKTOP-QEHGMK8 kernel: [    0.094290] ACPI: Interpreter enabled
Jun  8 00:31:47 DESKTOP-QEHGMK8 kernel: [    0.094295] ACPI: PM: (supports S0 S5)
Jun  8 00:31:47 DESKTOP-QEHGMK8 kernel: [    0.094297] ACPI: Using IOAPIC for interrupt routing
Jun  8 00:31:47 DESKTOP-QEHGMK8 kernel: [    0.094307] PCI: Using host bridge windows from ACPI; if necessary, use "pci=nocrs" and report a bug
Jun  8 00:31:47 DESKTOP-QEHGMK8 kernel: [    0.094468] ACPI: Enabled 2 GPEs in block 00 to 0F
Jun  8 00:31:47 DESKTOP-QEHGMK8 kernel: [    0.096100] iommu: Default domain type: Translated 
Jun  8 00:31:47 DESKTOP-QEHGMK8 kernel: [    0.096105] iommu: DMA domain TLB invalidation policy: lazy mode 
Jun  8 00:31:47 DESKTOP-QEHGMK8 kernel: [    0.096191] SCSI subsystem initialized
Jun  8 00:31:47 DESKTOP-QEHGMK8 kernel: [    0.096202] ACPI: bus type USB registered
Jun  8 00:31:47 DESKTOP-QEHGMK8 kernel: [    0.096211] usbcore: registered new interface driver usbfs
Jun  8 00:31:47 DESKTOP-QEHGMK8 kernel: [    0.096216] usbcore: registered new interface driver hub
Jun  8 00:31:47 DESKTOP-QEHGMK8 kernel: [    0.096222] usbcore: registered new device driver usb
Jun  8 00:31:47 DESKTOP-QEHGMK8 kernel: [    0.096232] pps_core: LinuxPPS API ver. 1 registered
Jun  8 00:31:47 DESKTOP-QEHGMK8 kernel: [    0.096233] pps_core: Software ver. 5.3.6 - Copyright 2005-2007 Rodolfo Giometti <giometti@linux.it>
Jun  8 00:31:47 DESKTOP-QEHGMK8 kernel: [    0.096235] PTP clock support registered
Jun  8 00:31:47 DESKTOP-QEHGMK8 kernel: [    0.096296] hv_vmbus: Vmbus version:5.3
Jun  8 00:31:47 DESKTOP-QEHGMK8 kernel: [    0.096296] PCI: Using ACPI for IRQ routing
Jun  8 00:31:47 DESKTOP-QEHGMK8 kernel: [    0.096296] PCI: System does not support PCI
Jun  8 00:31:47 DESKTOP-QEHGMK8 kernel: [    0.096296] clocksource: Switched to clocksource tsc-early
Jun  8 00:31:47 DESKTOP-QEHGMK8 kernel: [    0.096296] hv_vmbus: Unknown GUID: c376c1c3-d276-48d2-90a9-c04748072c60
Jun  8 00:31:47 DESKTOP-QEHGMK8 kernel: [    0.096296] hv_vmbus: Unknown GUID: 6e382d18-3336-4f4b-acc4-2b7703d4df4a
Jun  8 00:31:47 DESKTOP-QEHGMK8 kernel: [    0.096296] hv_vmbus: Unknown GUID: dde9cbc0-5060-4436-9448-ea1254a5d177
Jun  8 00:31:47 DESKTOP-QEHGMK8 kernel: [    0.105808] VFS: Disk quotas dquot_6.6.0
Jun  8 00:31:47 DESKTOP-QEHGMK8 kernel: [    0.105824] VFS: Dquot-cache hash table entries: 512 (order 0, 4096 bytes)
Jun  8 00:31:47 DESKTOP-QEHGMK8 kernel: [    0.105845] FS-Cache: Loaded
Jun  8 00:31:47 DESKTOP-QEHGMK8 kernel: [    0.105875] pnp: PnP ACPI init
Jun  8 00:31:47 DESKTOP-QEHGMK8 kernel: [    0.106130] pnp: PnP ACPI: found 1 devices
Jun  8 00:31:47 DESKTOP-QEHGMK8 kernel: [    0.113743] NET: Registered PF_INET protocol family
Jun  8 00:31:47 DESKTOP-QEHGMK8 kernel: [    0.113812] IP idents hash table entries: 65536 (order: 7, 524288 bytes, linear)
Jun  8 00:31:47 DESKTOP-QEHGMK8 kernel: [    0.114445] tcp_listen_portaddr_hash hash table entries: 2048 (order: 3, 32768 bytes, linear)
Jun  8 00:31:47 DESKTOP-QEHGMK8 kernel: [    0.114454] Table-perturb hash table entries: 65536 (order: 6, 262144 bytes, linear)
Jun  8 00:31:47 DESKTOP-QEHGMK8 kernel: [    0.114458] TCP established hash table entries: 32768 (order: 6, 262144 bytes, linear)
Jun  8 00:31:47 DESKTOP-QEHGMK8 kernel: [    0.114501] TCP bind hash table entries: 32768 (order: 7, 524288 bytes, linear)
Jun  8 00:31:47 DESKTOP-QEHGMK8 kernel: [    0.114559] TCP: Hash tables configured (established 32768 bind 32768)
Jun  8 00:31:47 DESKTOP-QEHGMK8 kernel: [    0.114589] UDP hash table entries: 2048 (order: 4, 65536 bytes, linear)
Jun  8 00:31:47 DESKTOP-QEHGMK8 kernel: [    0.114600] UDP-Lite hash table entries: 2048 (order: 4, 65536 bytes, linear)
Jun  8 00:31:47 DESKTOP-QEHGMK8 kernel: [    0.114631] NET: Registered PF_UNIX/PF_LOCAL protocol family
Jun  8 00:31:47 DESKTOP-QEHGMK8 kernel: [    0.115358] RPC: Registered named UNIX socket transport module.
Jun  8 00:31:47 DESKTOP-QEHGMK8 kernel: [    0.115361] RPC: Registered udp transport module.
Jun  8 00:31:47 DESKTOP-QEHGMK8 kernel: [    0.115363] RPC: Registered tcp transport module.
Jun  8 00:31:47 DESKTOP-QEHGMK8 kernel: [    0.115364] RPC: Registered tcp NFSv4.1 backchannel transport module.
Jun  8 00:31:47 DESKTOP-QEHGMK8 kernel: [    0.115367] PCI: CLS 0 bytes, default 64
Jun  8 00:31:47 DESKTOP-QEHGMK8 kernel: [    0.115467] kvm: no hardware support
Jun  8 00:31:47 DESKTOP-QEHGMK8 kernel: [    0.115477] Trying to unpack rootfs image as initramfs...
Jun  8 00:31:47 DESKTOP-QEHGMK8 kernel: [    0.116508] kvm: Nested Virtualization enabled
Jun  8 00:31:47 DESKTOP-QEHGMK8 kernel: [    0.116516] SVM: kvm: Nested Paging enabled
Jun  8 00:31:47 DESKTOP-QEHGMK8 kernel: [    0.116518] SVM: kvm: Hyper-V enlightened NPT TLB flush enabled
Jun  8 00:31:47 DESKTOP-QEHGMK8 kernel: [    0.116519] SVM: kvm: Hyper-V Direct TLB Flush enabled
Jun  8 00:31:47 DESKTOP-QEHGMK8 kernel: [    0.116538] SVM: Virtual VMLOAD VMSAVE supported
Jun  8 00:31:47 DESKTOP-QEHGMK8 kernel: [    0.116811] Freeing initrd memory: 1884K
Jun  8 00:31:47 DESKTOP-QEHGMK8 kernel: [    0.237801] Initialise system trusted keyrings
Jun  8 00:31:47 DESKTOP-QEHGMK8 kernel: [    0.238034] workingset: timestamp_bits=46 max_order=20 bucket_order=0
Jun  8 00:31:47 DESKTOP-QEHGMK8 kernel: [    0.239183] squashfs: version 4.0 (2009/01/31) Phillip Lougher
Jun  8 00:31:47 DESKTOP-QEHGMK8 kernel: [    0.239485] NFS: Registering the id_resolver key type
Jun  8 00:31:47 DESKTOP-QEHGMK8 kernel: [    0.239494] Key type id_resolver registered
Jun  8 00:31:47 DESKTOP-QEHGMK8 kernel: [    0.239496] Key type id_legacy registered
Jun  8 00:31:47 DESKTOP-QEHGMK8 kernel: [    0.239499] nfs4filelayout_init: NFSv4 File Layout Driver Registering...
Jun  8 00:31:47 DESKTOP-QEHGMK8 kernel: [    0.239503] nfs4flexfilelayout_init: NFSv4 Flexfile Layout Driver Registering...
Jun  8 00:31:47 DESKTOP-QEHGMK8 kernel: [    0.239505] Installing knfsd (copyright (C) 1996 okir@monad.swb.de).
Jun  8 00:31:47 DESKTOP-QEHGMK8 kernel: [    0.240672] Key type cifs.idmap registered
Jun  8 00:31:47 DESKTOP-QEHGMK8 kernel: [    0.240797] fuse: init (API version 7.34)
Jun  8 00:31:47 DESKTOP-QEHGMK8 kernel: [    0.241079] SGI XFS with ACLs, security attributes, realtime, scrub, repair, quota, no debug enabled
Jun  8 00:31:47 DESKTOP-QEHGMK8 kernel: [    0.241614] 9p: Installing v9fs 9p2000 file system support
Jun  8 00:31:47 DESKTOP-QEHGMK8 kernel: [    0.241625] FS-Cache: Netfs '9p' registered for caching
Jun  8 00:31:47 DESKTOP-QEHGMK8 kernel: [    0.241678] FS-Cache: Netfs 'ceph' registered for caching
Jun  8 00:31:47 DESKTOP-QEHGMK8 kernel: [    0.241680] ceph: loaded (mds proto 32)
Jun  8 00:31:47 DESKTOP-QEHGMK8 kernel: [    0.251852] NET: Registered PF_ALG protocol family
Jun  8 00:31:47 DESKTOP-QEHGMK8 kernel: [    0.251865] xor: automatically using best checksumming function   avx       
Jun  8 00:31:47 DESKTOP-QEHGMK8 kernel: [    0.251873] Key type asymmetric registered
Jun  8 00:31:47 DESKTOP-QEHGMK8 kernel: [    0.251876] Asymmetric key parser 'x509' registered
Jun  8 00:31:47 DESKTOP-QEHGMK8 kernel: [    0.251962] Block layer SCSI generic (bsg) driver version 0.4 loaded (major 248)
Jun  8 00:31:47 DESKTOP-QEHGMK8 kernel: [    0.253715] hv_vmbus: registering driver hv_pci
Jun  8 00:31:47 DESKTOP-QEHGMK8 kernel: [    0.254360] hv_pci 5d727f72-740e-41a0-91f0-8379a3dc38b5: PCI VMBus probing: Using version 0x10004
Jun  8 00:31:47 DESKTOP-QEHGMK8 kernel: [    0.256420] hv_pci 5d727f72-740e-41a0-91f0-8379a3dc38b5: PCI host bridge to bus 740e:00
Jun  8 00:31:47 DESKTOP-QEHGMK8 kernel: [    0.256424] pci_bus 740e:00: root bus resource [mem 0x9ffe00000-0x9ffe02fff window]
Jun  8 00:31:47 DESKTOP-QEHGMK8 kernel: [    0.256427] pci_bus 740e:00: No busn resource found for root bus, will use [bus 00-ff]
Jun  8 00:31:47 DESKTOP-QEHGMK8 kernel: [    0.258075] pci 740e:00:00.0: [1af4:1043] type 00 class 0x010000
Jun  8 00:31:47 DESKTOP-QEHGMK8 kernel: [    0.259486] pci 740e:00:00.0: reg 0x10: [mem 0x9ffe00000-0x9ffe00fff 64bit]
Jun  8 00:31:47 DESKTOP-QEHGMK8 kernel: [    0.260400] pci 740e:00:00.0: reg 0x18: [mem 0x9ffe01000-0x9ffe01fff 64bit]
Jun  8 00:31:47 DESKTOP-QEHGMK8 kernel: [    0.261484] pci 740e:00:00.0: reg 0x20: [mem 0x9ffe02000-0x9ffe02fff 64bit]
Jun  8 00:31:47 DESKTOP-QEHGMK8 kernel: [    0.266539] pci_bus 740e:00: busn_res: [bus 00-ff] end is updated to 00
Jun  8 00:31:47 DESKTOP-QEHGMK8 kernel: [    0.266549] pci 740e:00:00.0: BAR 0: assigned [mem 0x9ffe00000-0x9ffe00fff 64bit]
Jun  8 00:31:47 DESKTOP-QEHGMK8 kernel: [    0.267196] pci 740e:00:00.0: BAR 2: assigned [mem 0x9ffe01000-0x9ffe01fff 64bit]
Jun  8 00:31:47 DESKTOP-QEHGMK8 kernel: [    0.267812] pci 740e:00:00.0: BAR 4: assigned [mem 0x9ffe02000-0x9ffe02fff 64bit]
Jun  8 00:31:47 DESKTOP-QEHGMK8 kernel: [    0.269029] hv_pci 483c796b-b59a-484f-a1fe-7f05d89f49c1: PCI VMBus probing: Using version 0x10004
Jun  8 00:31:47 DESKTOP-QEHGMK8 kernel: [    0.270724] hv_pci 483c796b-b59a-484f-a1fe-7f05d89f49c1: PCI host bridge to bus b59a:00
Jun  8 00:31:47 DESKTOP-QEHGMK8 kernel: [    0.270728] pci_bus b59a:00: No busn resource found for root bus, will use [bus 00-ff]
Jun  8 00:31:47 DESKTOP-QEHGMK8 kernel: [    0.271774] pci b59a:00:00.0: [1414:008e] type 00 class 0x030200
Jun  8 00:31:47 DESKTOP-QEHGMK8 kernel: [    0.278734] pci_bus b59a:00: busn_res: [bus 00-ff] end is updated to 00
Jun  8 00:31:47 DESKTOP-QEHGMK8 kernel: [    0.278951] ACPI: AC: AC Adapter [AC1] (on-line)
Jun  8 00:31:47 DESKTOP-QEHGMK8 kernel: [    0.280255] ACPI: battery: Slot [BAT1] (battery present)
Jun  8 00:31:47 DESKTOP-QEHGMK8 kernel: [    0.286181] Serial: 8250/16550 driver, 4 ports, IRQ sharing disabled
Jun  8 00:31:47 DESKTOP-QEHGMK8 kernel: [    0.354518] Non-volatile memory driver v1.3
Jun  8 00:31:47 DESKTOP-QEHGMK8 kernel: [    0.355046] [drm] Initialized vgem 1.0.0 20120112 for vgem on minor 0
Jun  8 00:31:47 DESKTOP-QEHGMK8 kernel: [    0.356835] printk: console [hvc0] enabled
Jun  8 00:31:47 DESKTOP-QEHGMK8 kernel: [    0.358801] brd: module loaded
Jun  8 00:31:47 DESKTOP-QEHGMK8 kernel: [    0.360458] loop: module loaded
Jun  8 00:31:47 DESKTOP-QEHGMK8 kernel: [    0.361182] hv_vmbus: registering driver hv_storvsc
Jun  8 00:31:47 DESKTOP-QEHGMK8 kernel: [    0.361810] wireguard: WireGuard 1.0.0 loaded. See www.wireguard.com for information.
Jun  8 00:31:47 DESKTOP-QEHGMK8 kernel: [    0.362724] wireguard: Copyright (C) 2015-2019 Jason A. Donenfeld <Jason@zx2c4.com>. All Rights Reserved.
Jun  8 00:31:47 DESKTOP-QEHGMK8 kernel: [    0.363564] tun: Universal TUN/TAP device driver, 1.6
Jun  8 00:31:47 DESKTOP-QEHGMK8 kernel: [    0.364382] PPP generic driver version 2.4.2
Jun  8 00:31:47 DESKTOP-QEHGMK8 kernel: [    0.365013] scsi host0: storvsc_host_t
Jun  8 00:31:47 DESKTOP-QEHGMK8 kernel: [    0.365016] PPP BSD Compression module registered
Jun  8 00:31:47 DESKTOP-QEHGMK8 kernel: [    0.366003] PPP Deflate Compression module registered
Jun  8 00:31:47 DESKTOP-QEHGMK8 kernel: [    0.366486] PPP MPPE Compression module registered
Jun  8 00:31:47 DESKTOP-QEHGMK8 kernel: [    0.367019] NET: Registered PF_PPPOX protocol family
Jun  8 00:31:47 DESKTOP-QEHGMK8 kernel: [    0.367634] usbcore: registered new interface driver cdc_ether
Jun  8 00:31:47 DESKTOP-QEHGMK8 kernel: [    0.368355] usbcore: registered new interface driver cdc_ncm
Jun  8 00:31:47 DESKTOP-QEHGMK8 kernel: [    0.369008] usbcore: registered new interface driver r8153_ecm
Jun  8 00:31:47 DESKTOP-QEHGMK8 kernel: [    0.369683] hv_vmbus: registering driver hv_netvsc
Jun  8 00:31:47 DESKTOP-QEHGMK8 kernel: [    0.370310] VFIO - User Level meta-driver version: 0.3
Jun  8 00:31:47 DESKTOP-QEHGMK8 kernel: [    0.371125] usbcore: registered new interface driver cdc_acm
Jun  8 00:31:47 DESKTOP-QEHGMK8 kernel: [    0.371774] cdc_acm: USB Abstract Control Model driver for USB modems and ISDN adapters
Jun  8 00:31:47 DESKTOP-QEHGMK8 kernel: [    0.372811] vhci_hcd vhci_hcd.0: USB/IP Virtual Host Controller
Jun  8 00:31:47 DESKTOP-QEHGMK8 kernel: [    0.373481] vhci_hcd vhci_hcd.0: new USB bus registered, assigned bus number 1
Jun  8 00:31:47 DESKTOP-QEHGMK8 kernel: [    0.374193] vhci_hcd: created sysfs vhci_hcd.0
Jun  8 00:31:47 DESKTOP-QEHGMK8 kernel: [    0.375014] usb usb1: New USB device found, idVendor=1d6b, idProduct=0002, bcdDevice= 5.15
Jun  8 00:31:47 DESKTOP-QEHGMK8 kernel: [    0.375813] usb usb1: New USB device strings: Mfr=3, Product=2, SerialNumber=1
Jun  8 00:31:47 DESKTOP-QEHGMK8 kernel: [    0.376436] usb usb1: Product: USB/IP Virtual Host Controller
Jun  8 00:31:47 DESKTOP-QEHGMK8 kernel: [    0.376949] usb usb1: Manufacturer: Linux 5.15.146.1-microsoft-standard-WSL2 vhci_hcd
Jun  8 00:31:47 DESKTOP-QEHGMK8 kernel: [    0.377526] usb usb1: SerialNumber: vhci_hcd.0
Jun  8 00:31:47 DESKTOP-QEHGMK8 kernel: [    0.378136] hub 1-0:1.0: USB hub found
Jun  8 00:31:47 DESKTOP-QEHGMK8 kernel: [    0.378516] hub 1-0:1.0: 8 ports detected
Jun  8 00:31:47 DESKTOP-QEHGMK8 kernel: [    0.379286] vhci_hcd vhci_hcd.0: USB/IP Virtual Host Controller
Jun  8 00:31:47 DESKTOP-QEHGMK8 kernel: [    0.379787] vhci_hcd vhci_hcd.0: new USB bus registered, assigned bus number 2
Jun  8 00:31:47 DESKTOP-QEHGMK8 kernel: [    0.380521] usb usb2: We don't know the algorithms for LPM for this host, disabling LPM.
Jun  8 00:31:47 DESKTOP-QEHGMK8 kernel: [    0.381563] usb usb2: New USB device found, idVendor=1d6b, idProduct=0003, bcdDevice= 5.15
Jun  8 00:31:47 DESKTOP-QEHGMK8 kernel: [    0.382276] usb usb2: New USB device strings: Mfr=3, Product=2, SerialNumber=1
Jun  8 00:31:47 DESKTOP-QEHGMK8 kernel: [    0.382891] usb usb2: Product: USB/IP Virtual Host Controller
Jun  8 00:31:47 DESKTOP-QEHGMK8 kernel: [    0.383378] usb usb2: Manufacturer: Linux 5.15.146.1-microsoft-standard-WSL2 vhci_hcd
Jun  8 00:31:47 DESKTOP-QEHGMK8 kernel: [    0.383962] usb usb2: SerialNumber: vhci_hcd.0
Jun  8 00:31:47 DESKTOP-QEHGMK8 kernel: [    0.384560] hub 2-0:1.0: USB hub found
Jun  8 00:31:47 DESKTOP-QEHGMK8 kernel: [    0.384972] hub 2-0:1.0: 8 ports detected
Jun  8 00:31:47 DESKTOP-QEHGMK8 kernel: [    0.385741] hv_vmbus: registering driver hyperv_keyboard
Jun  8 00:31:47 DESKTOP-QEHGMK8 kernel: [    0.386140] rtc_cmos 00:00: RTC can wake from S4
Jun  8 00:31:47 DESKTOP-QEHGMK8 kernel: [    0.389359] rtc_cmos 00:00: registered as rtc0
Jun  8 00:31:47 DESKTOP-QEHGMK8 kernel: [    0.390992] rtc_cmos 00:00: setting system clock to 2024-06-08T04:31:44 UTC (1717821104)
Jun  8 00:31:47 DESKTOP-QEHGMK8 kernel: [    0.391981] rtc_cmos 00:00: alarms up to one month, 114 bytes nvram
Jun  8 00:31:47 DESKTOP-QEHGMK8 kernel: [    0.392871] device-mapper: ioctl: 4.45.0-ioctl (2021-03-22) initialised: dm-devel@redhat.com
Jun  8 00:31:47 DESKTOP-QEHGMK8 kernel: [    0.393866] device-mapper: raid: Loading target version 1.15.1
Jun  8 00:31:47 DESKTOP-QEHGMK8 kernel: [    0.394496] usbcore: registered new interface driver usbhid
Jun  8 00:31:47 DESKTOP-QEHGMK8 kernel: [    0.394987] usbhid: USB HID core driver
Jun  8 00:31:47 DESKTOP-QEHGMK8 kernel: [    0.395481] hv_utils: Registering HyperV Utility Driver
Jun  8 00:31:47 DESKTOP-QEHGMK8 kernel: [    0.395992] hv_vmbus: registering driver hv_utils
Jun  8 00:31:47 DESKTOP-QEHGMK8 kernel: [    0.396481] hv_vmbus: registering driver hv_balloon
Jun  8 00:31:47 DESKTOP-QEHGMK8 kernel: [    0.397060] hv_utils: TimeSync IC version 4.0
Jun  8 00:31:47 DESKTOP-QEHGMK8 kernel: [    0.397192] hv_vmbus: registering driver dxgkrnl
Jun  8 00:31:47 DESKTOP-QEHGMK8 kernel: [    0.397956] hv_balloon: Using Dynamic Memory protocol version 2.0
Jun  8 00:31:47 DESKTOP-QEHGMK8 kernel: [    0.399693] drop_monitor: Initializing network drop monitor service
Jun  8 00:31:47 DESKTOP-QEHGMK8 kernel: [    0.400562] Free page reporting enabled
Jun  8 00:31:47 DESKTOP-QEHGMK8 kernel: [    0.400566] hv_balloon: Cold memory discard hint enabled with order 9
Jun  8 00:31:47 DESKTOP-QEHGMK8 kernel: [    0.401670] Mirror/redirect action on
Jun  8 00:31:47 DESKTOP-QEHGMK8 kernel: [    0.401967] u32 classifier
Jun  8 00:31:47 DESKTOP-QEHGMK8 kernel: [    0.402180]     Performance counters on
Jun  8 00:31:47 DESKTOP-QEHGMK8 kernel: [    0.402540]     input device check on
Jun  8 00:31:47 DESKTOP-QEHGMK8 kernel: [    0.402891]     Actions configured
Jun  8 00:31:47 DESKTOP-QEHGMK8 kernel: [    0.403490] IPVS: Registered protocols (TCP, UDP)
Jun  8 00:31:47 DESKTOP-QEHGMK8 kernel: [    0.403975] IPVS: Connection hash table configured (size=4096, memory=32Kbytes)
Jun  8 00:31:47 DESKTOP-QEHGMK8 kernel: [    0.404716] IPVS: ipvs loaded.
Jun  8 00:31:47 DESKTOP-QEHGMK8 kernel: [    0.405046] IPVS: [rr] scheduler registered.
Jun  8 00:31:47 DESKTOP-QEHGMK8 kernel: [    0.405471] IPVS: [wrr] scheduler registered.
Jun  8 00:31:47 DESKTOP-QEHGMK8 kernel: [    0.405892] IPVS: [sh] scheduler registered.
Jun  8 00:31:47 DESKTOP-QEHGMK8 kernel: [    0.406363] ipt_CLUSTERIP: ClusterIP Version 0.8 loaded successfully
Jun  8 00:31:47 DESKTOP-QEHGMK8 kernel: [    0.406880] Initializing XFRM netlink socket
Jun  8 00:31:47 DESKTOP-QEHGMK8 kernel: [    0.407343] NET: Registered PF_INET6 protocol family
Jun  8 00:31:47 DESKTOP-QEHGMK8 kernel: [    0.408267] Segment Routing with IPv6
Jun  8 00:31:47 DESKTOP-QEHGMK8 kernel: [    0.408749] In-situ OAM (IOAM) with IPv6
Jun  8 00:31:47 DESKTOP-QEHGMK8 kernel: [    0.409272] NET: Registered PF_PACKET protocol family
Jun  8 00:31:47 DESKTOP-QEHGMK8 kernel: [    0.409857] Bridge firewalling registered
Jun  8 00:31:47 DESKTOP-QEHGMK8 kernel: [    0.410221] 8021q: 802.1Q VLAN Support v1.8
Jun  8 00:31:47 DESKTOP-QEHGMK8 kernel: [    0.410655] sctp: Hash tables configured (bind 256/256)
Jun  8 00:31:47 DESKTOP-QEHGMK8 kernel: [    0.411176] 9pnet: Installing 9P2000 support
Jun  8 00:31:47 DESKTOP-QEHGMK8 kernel: [    0.411618] Key type dns_resolver registered
Jun  8 00:31:47 DESKTOP-QEHGMK8 kernel: [    0.412063] Key type ceph registered
Jun  8 00:31:47 DESKTOP-QEHGMK8 kernel: [    0.412587] libceph: loaded (mon/osd proto 15/24)
Jun  8 00:31:47 DESKTOP-QEHGMK8 kernel: [    0.413174] NET: Registered PF_VSOCK protocol family
Jun  8 00:31:47 DESKTOP-QEHGMK8 kernel: [    0.413603] hv_vmbus: registering driver hv_sock
Jun  8 00:31:47 DESKTOP-QEHGMK8 kernel: [    0.414103] IPI shorthand broadcast: enabled
Jun  8 00:31:47 DESKTOP-QEHGMK8 kernel: [    0.414550] sched_clock: Marking stable (412644428, 513700)->(432099700, -18941572)
Jun  8 00:31:47 DESKTOP-QEHGMK8 kernel: [    0.415660] registered taskstats version 1
Jun  8 00:31:47 DESKTOP-QEHGMK8 kernel: [    0.416636] Loading compiled-in X.509 certificates
Jun  8 00:31:47 DESKTOP-QEHGMK8 kernel: [    0.418965] Btrfs loaded, crc32c=crc32c-generic, zoned=no, fsverity=no
Jun  8 00:31:47 DESKTOP-QEHGMK8 kernel: [    0.421055] Freeing unused kernel image (initmem) memory: 2004K
Jun  8 00:31:47 DESKTOP-QEHGMK8 kernel: [    0.490596] Write protecting the kernel read-only data: 30720k
Jun  8 00:31:47 DESKTOP-QEHGMK8 kernel: [    0.492698] Freeing unused kernel image (text/rodata gap) memory: 2024K
Jun  8 00:31:47 DESKTOP-QEHGMK8 kernel: [    0.493606] Freeing unused kernel image (rodata/data gap) memory: 604K
Jun  8 00:31:47 DESKTOP-QEHGMK8 kernel: [    0.494181] Run /init as init process
Jun  8 00:31:47 DESKTOP-QEHGMK8 kernel: [    0.494508]   with arguments:
Jun  8 00:31:47 DESKTOP-QEHGMK8 kernel: [    0.494843]     /init
Jun  8 00:31:47 DESKTOP-QEHGMK8 kernel: [    0.495060]   with environment:
Jun  8 00:31:47 DESKTOP-QEHGMK8 kernel: [    0.495385]     HOME=/
Jun  8 00:31:47 DESKTOP-QEHGMK8 kernel: [    0.495603]     TERM=linux
Jun  8 00:31:47 DESKTOP-QEHGMK8 kernel: [    0.495820]     WSL_ROOT_INIT=1
Jun  8 00:31:47 DESKTOP-QEHGMK8 kernel: [    0.509821] scsi 0:0:0:0: Direct-Access     Msft     Virtual Disk     1.0  PQ: 0 ANSI: 5
Jun  8 00:31:47 DESKTOP-QEHGMK8 kernel: [    0.518886] sd 0:0:0:0: Attached scsi generic sg0 type 0
Jun  8 00:31:47 DESKTOP-QEHGMK8 kernel: [    0.520014] sd 0:0:0:0: [sda] 795664 512-byte logical blocks: (407 MB/389 MiB)
Jun  8 00:31:47 DESKTOP-QEHGMK8 kernel: [    0.520992] sd 0:0:0:0: [sda] Write Protect is on
Jun  8 00:31:47 DESKTOP-QEHGMK8 kernel: [    0.521456] sd 0:0:0:0: [sda] Mode Sense: 0f 00 80 00
Jun  8 00:31:47 DESKTOP-QEHGMK8 kernel: [    0.522115] sd 0:0:0:0: [sda] Write cache: disabled, read cache: enabled, doesn't support DPO or FUA
Jun  8 00:31:47 DESKTOP-QEHGMK8 kernel: [    0.526013] sd 0:0:0:0: [sda] Attached SCSI disk
Jun  8 00:31:47 DESKTOP-QEHGMK8 kernel: [    0.580849] scsi 0:0:0:1: Direct-Access     Msft     Virtual Disk     1.0  PQ: 0 ANSI: 5
Jun  8 00:31:47 DESKTOP-QEHGMK8 kernel: [    0.584056] EXT4-fs (sda): mounted filesystem without journal. Opts: (null). Quota mode: none.
Jun  8 00:31:47 DESKTOP-QEHGMK8 kernel: [    0.592314] sd 0:0:0:1: Attached scsi generic sg1 type 0
Jun  8 00:31:47 DESKTOP-QEHGMK8 kernel: [    0.594159] sd 0:0:0:1: [sdb] 2097160 512-byte logical blocks: (1.07 GB/1.00 GiB)
Jun  8 00:31:47 DESKTOP-QEHGMK8 kernel: [    0.595295] sd 0:0:0:1: [sdb] 4096-byte physical blocks
Jun  8 00:31:47 DESKTOP-QEHGMK8 kernel: [    0.596073] sd 0:0:0:1: [sdb] Write Protect is off
Jun  8 00:31:47 DESKTOP-QEHGMK8 kernel: [    0.596796] sd 0:0:0:1: [sdb] Mode Sense: 0f 00 00 00
Jun  8 00:31:47 DESKTOP-QEHGMK8 kernel: [    0.597705] sd 0:0:0:1: [sdb] Write cache: enabled, read cache: enabled, doesn't support DPO or FUA
Jun  8 00:31:47 DESKTOP-QEHGMK8 kernel: [    0.603257] sd 0:0:0:1: [sdb] Attached SCSI disk
Jun  8 00:31:47 DESKTOP-QEHGMK8 kernel: [    0.652856] Adding 1048576k swap on /dev/sdb.  Priority:-2 extents:1 across:1048576k 
Jun  8 00:31:47 DESKTOP-QEHGMK8 kernel: [    0.793521] IPv6: ADDRCONF(NETDEV_CHANGE): eth0: link becomes ready
Jun  8 00:31:47 DESKTOP-QEHGMK8 kernel: [    0.908542] hv_pci 10b8789f-4e22-4ede-bfb6-c9d714553ea2: PCI VMBus probing: Using version 0x10004
Jun  8 00:31:47 DESKTOP-QEHGMK8 kernel: [    0.912189] hv_pci 10b8789f-4e22-4ede-bfb6-c9d714553ea2: PCI host bridge to bus 4e22:00
Jun  8 00:31:47 DESKTOP-QEHGMK8 kernel: [    0.912840] pci_bus 4e22:00: root bus resource [mem 0xc00000000-0xe00001fff window]
Jun  8 00:31:47 DESKTOP-QEHGMK8 kernel: [    0.913601] pci_bus 4e22:00: No busn resource found for root bus, will use [bus 00-ff]
Jun  8 00:31:47 DESKTOP-QEHGMK8 kernel: [    0.916011] pci 4e22:00:00.0: [1af4:105a] type 00 class 0x088000
Jun  8 00:31:47 DESKTOP-QEHGMK8 kernel: [    0.921183] pci 4e22:00:00.0: reg 0x10: [mem 0xe00000000-0xe00000fff 64bit]
Jun  8 00:31:47 DESKTOP-QEHGMK8 kernel: [    0.924698] pci 4e22:00:00.0: reg 0x18: [mem 0xe00001000-0xe00001fff 64bit]
Jun  8 00:31:47 DESKTOP-QEHGMK8 kernel: [    0.927758] pci 4e22:00:00.0: reg 0x20: [mem 0xc00000000-0xdffffffff 64bit]
Jun  8 00:31:47 DESKTOP-QEHGMK8 kernel: [    0.935853] pci_bus 4e22:00: busn_res: [bus 00-ff] end is updated to 00
Jun  8 00:31:47 DESKTOP-QEHGMK8 kernel: [    0.936652] pci 4e22:00:00.0: BAR 4: assigned [mem 0xc00000000-0xdffffffff 64bit]
Jun  8 00:31:47 DESKTOP-QEHGMK8 kernel: [    0.939721] pci 4e22:00:00.0: BAR 0: assigned [mem 0xe00000000-0xe00000fff 64bit]
Jun  8 00:31:47 DESKTOP-QEHGMK8 kernel: [    0.942721] pci 4e22:00:00.0: BAR 2: assigned [mem 0xe00001000-0xe00001fff 64bit]
Jun  8 00:31:47 DESKTOP-QEHGMK8 kernel: [    0.970343] virtiofs virtio1: Cache len: 0x200000000 @ 0xc00000000
Jun  8 00:31:47 DESKTOP-QEHGMK8 kernel: [    1.064454] memmap_init_zone_device initialised 2097152 pages in 50ms
Jun  8 00:31:47 DESKTOP-QEHGMK8 kernel: [    1.073391] FS-Cache: Duplicate cookie detected
Jun  8 00:31:47 DESKTOP-QEHGMK8 kernel: [    1.074426] FS-Cache: O-cookie c=00000004 [p=00000002 fl=222 nc=0 na=1]
Jun  8 00:31:47 DESKTOP-QEHGMK8 kernel: [    1.075506] FS-Cache: O-cookie d=000000007fc7b5fe{9P.session} n=00000000e55d740d
Jun  8 00:31:47 DESKTOP-QEHGMK8 kernel: [    1.076499] FS-Cache: O-key=[10] '34323934393337333939'
Jun  8 00:31:47 DESKTOP-QEHGMK8 kernel: [    1.077122] FS-Cache: N-cookie c=00000005 [p=00000002 fl=2 nc=0 na=1]
Jun  8 00:31:47 DESKTOP-QEHGMK8 kernel: [    1.078045] FS-Cache: N-cookie d=000000007fc7b5fe{9P.session} n=00000000f9e91bd4
Jun  8 00:31:47 DESKTOP-QEHGMK8 kernel: [    1.078989] FS-Cache: N-key=[10] '34323934393337333939'
Jun  8 00:31:47 DESKTOP-QEHGMK8 kernel: [    1.087469] FS-Cache: Duplicate cookie detected
Jun  8 00:31:47 DESKTOP-QEHGMK8 kernel: [    1.088445] FS-Cache: O-cookie c=00000006 [p=00000002 fl=222 nc=0 na=1]
Jun  8 00:31:47 DESKTOP-QEHGMK8 kernel: [    1.089202] FS-Cache: O-cookie d=000000007fc7b5fe{9P.session} n=00000000c4377c40
Jun  8 00:31:47 DESKTOP-QEHGMK8 kernel: [    1.090070] FS-Cache: O-key=[10] '34323934393337343030'
Jun  8 00:31:47 DESKTOP-QEHGMK8 kernel: [    1.090742] FS-Cache: N-cookie c=00000007 [p=00000002 fl=2 nc=0 na=1]
Jun  8 00:31:47 DESKTOP-QEHGMK8 kernel: [    1.091524] FS-Cache: N-cookie d=000000007fc7b5fe{9P.session} n=0000000049cdac8c
Jun  8 00:31:47 DESKTOP-QEHGMK8 kernel: [    1.092415] FS-Cache: N-key=[10] '34323934393337343030'
Jun  8 00:31:47 DESKTOP-QEHGMK8 kernel: [    1.115787] scsi 0:0:0:2: Direct-Access     Msft     Virtual Disk     1.0  PQ: 0 ANSI: 5
Jun  8 00:31:47 DESKTOP-QEHGMK8 kernel: [    1.124055] sd 0:0:0:2: Attached scsi generic sg2 type 0
Jun  8 00:31:47 DESKTOP-QEHGMK8 kernel: [    1.124998] sd 0:0:0:2: [sdc] 2147483648 512-byte logical blocks: (1.10 TB/1.00 TiB)
Jun  8 00:31:47 DESKTOP-QEHGMK8 kernel: [    1.125694] sd 0:0:0:2: [sdc] 4096-byte physical blocks
Jun  8 00:31:47 DESKTOP-QEHGMK8 kernel: [    1.126243] sd 0:0:0:2: [sdc] Write Protect is off
Jun  8 00:31:47 DESKTOP-QEHGMK8 kernel: [    1.126722] sd 0:0:0:2: [sdc] Mode Sense: 0f 00 00 00
Jun  8 00:31:47 DESKTOP-QEHGMK8 kernel: [    1.127423] sd 0:0:0:2: [sdc] Write cache: enabled, read cache: enabled, doesn't support DPO or FUA
Jun  8 00:31:47 DESKTOP-QEHGMK8 kernel: [    1.131592] sd 0:0:0:2: [sdc] Attached SCSI disk
Jun  8 00:31:47 DESKTOP-QEHGMK8 kernel: [    1.160911] EXT4-fs (sdc): mounted filesystem with ordered data mode. Opts: discard,errors=remount-ro,data=ordered. Quota mode: none.
Jun  8 00:31:47 DESKTOP-QEHGMK8 kernel: [    1.240582] clocksource: tsc: mask: 0xffffffffffffffff max_cycles: 0x211708baae2, max_idle_ns: 440795274168 ns
Jun  8 00:31:47 DESKTOP-QEHGMK8 kernel: [    1.241984] clocksource: Switched to clocksource tsc
Jun  8 00:31:47 DESKTOP-QEHGMK8 kernel: [    1.862312] misc dxg: dxgk: dxgkio_query_adapter_info: Ioctl failed: -22
Jun  8 00:31:47 DESKTOP-QEHGMK8 kernel: [    1.863242] misc dxg: dxgk: dxgkio_query_adapter_info: Ioctl failed: -22
Jun  8 00:31:47 DESKTOP-QEHGMK8 kernel: [    1.864235] misc dxg: dxgk: dxgkio_query_adapter_info: Ioctl failed: -22
Jun  8 00:31:47 DESKTOP-QEHGMK8 kernel: [    1.865044] misc dxg: dxgk: dxgkio_query_adapter_info: Ioctl failed: -22
Jun  8 00:31:47 DESKTOP-QEHGMK8 kernel: [    1.866013] misc dxg: dxgk: dxgkio_query_adapter_info: Ioctl failed: -2
Jun  8 00:31:51 DESKTOP-QEHGMK8 kernel: [    6.356057] TCP: eth0: Driver has suspect GRO implementation, TCP performance may be compromised.
Jun  8 00:32:01 DESKTOP-QEHGMK8 kernel: [   16.367358] misc dxg: dxgk: dxgkio_query_adapter_info: Ioctl failed: -22
Jun  8 00:32:01 DESKTOP-QEHGMK8 kernel: [   16.368568] misc dxg: dxgk: dxgkio_query_adapter_info: Ioctl failed: -22
Jun  8 00:32:01 DESKTOP-QEHGMK8 kernel: [   16.370657] misc dxg: dxgk: dxgkio_query_adapter_info: Ioctl failed: -22
Jun  8 00:32:01 DESKTOP-QEHGMK8 kernel: [   16.373272] misc dxg: dxgk: dxgkio_query_adapter_info: Ioctl failed: -22
Jun  8 00:32:01 DESKTOP-QEHGMK8 kernel: [   16.374682] misc dxg: dxgk: dxgkio_query_adapter_info: Ioctl failed: -2
Jun  8 00:32:34 DESKTOP-QEHGMK8 kernel: [   49.282221] hv_balloon: Max. dynamic memory size: 3040 MB
Jun  8 13:12:46 DESKTOP-QEHGMK8 kernel: [ 3264.933278] hv_utils: TimeSync IC version 4.0
Jun  8 15:34:53 DESKTOP-QEHGMK8 kernel: [11792.201547] hv_utils: TimeSync IC version 4.0
Jun  9 15:13:21 DESKTOP-QEHGMK8 kernel: [14773.519502] hv_utils: TimeSync IC version 4.0
Jun  9 15:34:49 DESKTOP-QEHGMK8 kernel: [15058.703014] hv_utils: TimeSync IC version 4.0
Jun  9 15:36:34 DESKTOP-QEHGMK8 kernel: [15163.992155] weston[814]: segfault at 210 ip 00007f965a4ac43b sp 00007fffdd264fe0 error 4 in rdp-backend.so[7f965a496000+17000]
Jun  9 15:36:34 DESKTOP-QEHGMK8 kernel: [15163.992178] Code: 00 00 48 8d 3d 3f 7d 00 00 e8 61 9e fe ff 90 41 55 41 54 49 89 d4 55 48 89 f5 53 48 89 fb 48 83 ec 08 48 8b 07 bf ba 00 00 00 <44> 8b a8 10 02 00 00 31 c0 e8 87 a2 fe ff 41 39 c5 75 2d 48 8b 7b
Jun  9 15:36:34 DESKTOP-QEHGMK8 kernel: [15163.992191] potentially unexpected fatal signal 11.
Jun  9 15:36:34 DESKTOP-QEHGMK8 kernel: [15163.992195] CPU: 3 PID: 814 Comm: weston Not tainted 5.15.146.1-microsoft-standard-WSL2 #1
Jun  9 15:36:34 DESKTOP-QEHGMK8 kernel: [15163.992203] RIP: 0033:0x7f965a4ac43b
Jun  9 15:36:34 DESKTOP-QEHGMK8 kernel: [15163.993768] Code: 00 00 48 8d 3d 3f 7d 00 00 e8 61 9e fe ff 90 41 55 41 54 49 89 d4 55 48 89 f5 53 48 89 fb 48 83 ec 08 48 8b 07 bf ba 00 00 00 <44> 8b a8 10 02 00 00 31 c0 e8 87 a2 fe ff 41 39 c5 75 2d 48 8b 7b
Jun  9 15:36:34 DESKTOP-QEHGMK8 kernel: [15163.993773] RSP: 002b:00007fffdd264fe0 EFLAGS: 00010202
Jun  9 15:36:34 DESKTOP-QEHGMK8 kernel: [15163.993778] RAX: 0000000000000000 RBX: 000055af760ce420 RCX: 00007f965e07686d
Jun  9 15:36:34 DESKTOP-QEHGMK8 kernel: [15163.993782] RDX: 0000000000000000 RSI: 00007f965a4a4cd0 RDI: 00000000000000ba
Jun  9 15:36:34 DESKTOP-QEHGMK8 kernel: [15163.993785] RBP: 00007f965a4a4cd0 R08: 0000000000000000 R09: 000055af760cde70
Jun  9 15:36:34 DESKTOP-QEHGMK8 kernel: [15163.993787] R10: 0000000000000000 R11: 0000000000000246 R12: 0000000000000000
Jun  9 15:36:34 DESKTOP-QEHGMK8 kernel: [15163.993789] R13: 0000000000000000 R14: 000055af760ce420 R15: 00007fffdd265130
Jun  9 15:36:34 DESKTOP-QEHGMK8 kernel: [15163.993792] FS:  00007f965a9beec0 GS:  0000000000000000
Jun  9 17:54:45 DESKTOP-QEHGMK8 kernel: [18341.052477] hv_utils: TimeSync IC version 4.0
Jun  9 23:04:46 DESKTOP-QEHGMK8 kernel: [21281.373665] hv_utils: TimeSync IC version 4.0
Jun  9 23:53:16 DESKTOP-QEHGMK8 kernel: [    0.000000] Linux version 5.15.146.1-microsoft-standard-WSL2 (root@65c757a075e2) (gcc (GCC) 11.2.0, GNU ld (GNU Binutils) 2.37) #1 SMP Thu Jan 11 04:09:03 UTC 2024
Jun  9 23:53:16 DESKTOP-QEHGMK8 kernel: [    0.000000] Command line: initrd=\initrd.img WSL_ROOT_INIT=1 panic=-1 nr_cpus=8 hv_utils.timesync_implicit=1 console=hvc0 debug pty.legacy_count=0
Jun  9 23:53:16 DESKTOP-QEHGMK8 kernel: [    0.000000] KERNEL supported cpus:
Jun  9 23:53:16 DESKTOP-QEHGMK8 kernel: [    0.000000]   Intel GenuineIntel
Jun  9 23:53:16 DESKTOP-QEHGMK8 kernel: [    0.000000]   AMD AuthenticAMD
Jun  9 23:53:16 DESKTOP-QEHGMK8 kernel: [    0.000000]   Centaur CentaurHauls
Jun  9 23:53:16 DESKTOP-QEHGMK8 kernel: [    0.000000] BIOS-provided physical RAM map:
Jun  9 23:53:16 DESKTOP-QEHGMK8 kernel: [    0.000000] BIOS-e820: [mem 0x0000000000000000-0x000000000009ffff] usable
Jun  9 23:53:16 DESKTOP-QEHGMK8 kernel: [    0.000000] BIOS-e820: [mem 0x00000000000e0000-0x00000000000e0fff] reserved
Jun  9 23:53:16 DESKTOP-QEHGMK8 kernel: [    0.000000] BIOS-e820: [mem 0x0000000000100000-0x00000000001fffff] ACPI data
Jun  9 23:53:16 DESKTOP-QEHGMK8 kernel: [    0.000000] BIOS-e820: [mem 0x0000000000200000-0x00000000bdffffff] usable
Jun  9 23:53:16 DESKTOP-QEHGMK8 kernel: [    0.000000] NX (Execute Disable) protection: active
Jun  9 23:53:16 DESKTOP-QEHGMK8 kernel: [    0.000000] DMI not present or invalid.
Jun  9 23:53:16 DESKTOP-QEHGMK8 kernel: [    0.000000] Hypervisor detected: Microsoft Hyper-V
Jun  9 23:53:16 DESKTOP-QEHGMK8 kernel: [    0.000000] Hyper-V: privilege flags low 0xae7f, high 0x3b8030, hints 0x2c2c, misc 0xc0bed7b6
Jun  9 23:53:16 DESKTOP-QEHGMK8 kernel: [    0.000000] Hyper-V Host Build:22621-10.0-3-0.3593
Jun  9 23:53:16 DESKTOP-QEHGMK8 kernel: [    0.000000] Hyper-V: Nested features: 0x4a0000
Jun  9 23:53:16 DESKTOP-QEHGMK8 kernel: [    0.000000] Hyper-V: LAPIC Timer Frequency: 0x1e8480
Jun  9 23:53:16 DESKTOP-QEHGMK8 kernel: [    0.000000] Hyper-V: Using hypercall for remote TLB flush
Jun  9 23:53:16 DESKTOP-QEHGMK8 kernel: [    0.000000] clocksource: hyperv_clocksource_tsc_page: mask: 0xffffffffffffffff max_cycles: 0x24e6a1710, max_idle_ns: 440795202120 ns
Jun  9 23:53:16 DESKTOP-QEHGMK8 kernel: [    0.000004] tsc: Detected 2295.617 MHz processor
Jun  9 23:53:16 DESKTOP-QEHGMK8 kernel: [    0.000015] e820: update [mem 0x00000000-0x00000fff] usable ==> reserved
Jun  9 23:53:16 DESKTOP-QEHGMK8 kernel: [    0.000019] e820: remove [mem 0x000a0000-0x000fffff] usable
Jun  9 23:53:16 DESKTOP-QEHGMK8 kernel: [    0.000023] last_pfn = 0xbe000 max_arch_pfn = 0x400000000
Jun  9 23:53:16 DESKTOP-QEHGMK8 kernel: [    0.000073] x86/PAT: Configuration [0-7]: WB  WC  UC- UC  WB  WP  UC- WT  
Jun  9 23:53:16 DESKTOP-QEHGMK8 kernel: [    0.000114] Using GB pages for direct mapping
Jun  9 23:53:16 DESKTOP-QEHGMK8 kernel: [    0.000174] RAMDISK: [mem 0x03dd8000-0x03faefff]
Jun  9 23:53:16 DESKTOP-QEHGMK8 kernel: [    0.000178] ACPI: Early table checksum verification disabled
Jun  9 23:53:16 DESKTOP-QEHGMK8 kernel: [    0.000182] ACPI: RSDP 0x00000000000E0000 000024 (v02 VRTUAL)
Jun  9 23:53:16 DESKTOP-QEHGMK8 kernel: [    0.000188] ACPI: XSDT 0x0000000000100000 000044 (v01 VRTUAL MICROSFT 00000001 MSFT 00000001)
Jun  9 23:53:16 DESKTOP-QEHGMK8 kernel: [    0.000197] ACPI: FACP 0x0000000000101000 000114 (v06 VRTUAL MICROSFT 00000001 MSFT 00000001)
Jun  9 23:53:16 DESKTOP-QEHGMK8 kernel: [    0.000205] ACPI: DSDT 0x00000000001011B8 01E191 (v02 MSFTVM DSDT01   00000001 MSFT 05000000)
Jun  9 23:53:16 DESKTOP-QEHGMK8 kernel: [    0.000210] ACPI: FACS 0x0000000000101114 000040
Jun  9 23:53:16 DESKTOP-QEHGMK8 kernel: [    0.000214] ACPI: OEM0 0x0000000000101154 000064 (v01 VRTUAL MICROSFT 00000001 MSFT 00000001)
Jun  9 23:53:16 DESKTOP-QEHGMK8 kernel: [    0.000219] ACPI: SRAT 0x000000000011F349 000330 (v02 VRTUAL MICROSFT 00000001 MSFT 00000001)
Jun  9 23:53:16 DESKTOP-QEHGMK8 kernel: [    0.000223] ACPI: APIC 0x000000000011F679 000088 (v04 VRTUAL MICROSFT 00000001 MSFT 00000001)
Jun  9 23:53:16 DESKTOP-QEHGMK8 kernel: [    0.000226] ACPI: Reserving FACP table memory at [mem 0x101000-0x101113]
Jun  9 23:53:16 DESKTOP-QEHGMK8 kernel: [    0.000228] ACPI: Reserving DSDT table memory at [mem 0x1011b8-0x11f348]
Jun  9 23:53:16 DESKTOP-QEHGMK8 kernel: [    0.000229] ACPI: Reserving FACS table memory at [mem 0x101114-0x101153]
Jun  9 23:53:16 DESKTOP-QEHGMK8 kernel: [    0.000231] ACPI: Reserving OEM0 table memory at [mem 0x101154-0x1011b7]
Jun  9 23:53:16 DESKTOP-QEHGMK8 kernel: [    0.000232] ACPI: Reserving SRAT table memory at [mem 0x11f349-0x11f678]
Jun  9 23:53:16 DESKTOP-QEHGMK8 kernel: [    0.000234] ACPI: Reserving APIC table memory at [mem 0x11f679-0x11f700]
Jun  9 23:53:16 DESKTOP-QEHGMK8 kernel: [    0.000858] Zone ranges:
Jun  9 23:53:16 DESKTOP-QEHGMK8 kernel: [    0.000860]   DMA      [mem 0x0000000000001000-0x0000000000ffffff]
Jun  9 23:53:16 DESKTOP-QEHGMK8 kernel: [    0.000863]   DMA32    [mem 0x0000000001000000-0x00000000bdffffff]
Jun  9 23:53:16 DESKTOP-QEHGMK8 kernel: [    0.000865]   Normal   empty
Jun  9 23:53:16 DESKTOP-QEHGMK8 kernel: [    0.000867]   Device   empty
Jun  9 23:53:16 DESKTOP-QEHGMK8 kernel: [    0.000868] Movable zone start for each node
Jun  9 23:53:16 DESKTOP-QEHGMK8 kernel: [    0.000869] Early memory node ranges
Jun  9 23:53:16 DESKTOP-QEHGMK8 kernel: [    0.000870]   node   0: [mem 0x0000000000001000-0x000000000009ffff]
Jun  9 23:53:16 DESKTOP-QEHGMK8 kernel: [    0.000872]   node   0: [mem 0x0000000000200000-0x00000000bdffffff]
Jun  9 23:53:16 DESKTOP-QEHGMK8 kernel: [    0.000874] Initmem setup node 0 [mem 0x0000000000001000-0x00000000bdffffff]
Jun  9 23:53:16 DESKTOP-QEHGMK8 kernel: [    0.001108] On node 0, zone DMA: 1 pages in unavailable ranges
Jun  9 23:53:16 DESKTOP-QEHGMK8 kernel: [    0.001136] On node 0, zone DMA: 352 pages in unavailable ranges
Jun  9 23:53:16 DESKTOP-QEHGMK8 kernel: [    0.002142] On node 0, zone DMA32: 8192 pages in unavailable ranges
Jun  9 23:53:16 DESKTOP-QEHGMK8 kernel: [    0.002217] ACPI: LAPIC_NMI (acpi_id[0x01] dfl dfl lint[0x1])
Jun  9 23:53:16 DESKTOP-QEHGMK8 kernel: [    0.002880] IOAPIC[0]: apic_id 8, version 17, address 0xfec00000, GSI 0-23
Jun  9 23:53:16 DESKTOP-QEHGMK8 kernel: [    0.002887] ACPI: INT_SRC_OVR (bus 0 bus_irq 9 global_irq 9 high level)
Jun  9 23:53:16 DESKTOP-QEHGMK8 kernel: [    0.002893] ACPI: Using ACPI (MADT) for SMP configuration information
Jun  9 23:53:16 DESKTOP-QEHGMK8 kernel: [    0.002906] smpboot: Allowing 8 CPUs, 0 hotplug CPUs
Jun  9 23:53:16 DESKTOP-QEHGMK8 kernel: [    0.002918] [mem 0xbe000000-0xffffffff] available for PCI devices
Jun  9 23:53:16 DESKTOP-QEHGMK8 kernel: [    0.002920] Booting paravirtualized kernel on Hyper-V
Jun  9 23:53:16 DESKTOP-QEHGMK8 kernel: [    0.002922] clocksource: refined-jiffies: mask: 0xffffffff max_cycles: 0xffffffff, max_idle_ns: 19112604462750000 ns
Jun  9 23:53:16 DESKTOP-QEHGMK8 kernel: [    0.009318] setup_percpu: NR_CPUS:256 nr_cpumask_bits:256 nr_cpu_ids:8 nr_node_ids:1
Jun  9 23:53:16 DESKTOP-QEHGMK8 kernel: [    0.010002] percpu: Embedded 53 pages/cpu s177624 r8192 d31272 u262144
Jun  9 23:53:16 DESKTOP-QEHGMK8 kernel: [    0.010012] pcpu-alloc: s177624 r8192 d31272 u262144 alloc=1*2097152
Jun  9 23:53:16 DESKTOP-QEHGMK8 kernel: [    0.010016] pcpu-alloc: [0] 0 1 2 3 4 5 6 7 
Jun  9 23:53:16 DESKTOP-QEHGMK8 kernel: [    0.010033] Hyper-V: PV spinlocks enabled
Jun  9 23:53:16 DESKTOP-QEHGMK8 kernel: [    0.010036] PV qspinlock hash table entries: 256 (order: 0, 4096 bytes, linear)
Jun  9 23:53:16 DESKTOP-QEHGMK8 kernel: [    0.010041] Built 1 zonelists, mobility grouping on.  Total pages: 765573
Jun  9 23:53:16 DESKTOP-QEHGMK8 kernel: [    0.010043] Kernel command line: initrd=\initrd.img WSL_ROOT_INIT=1 panic=-1 nr_cpus=8 hv_utils.timesync_implicit=1 console=hvc0 debug pty.legacy_count=0
Jun  9 23:53:16 DESKTOP-QEHGMK8 kernel: [    0.010140] Unknown kernel command line parameters "WSL_ROOT_INIT=1", will be passed to user space.
Jun  9 23:53:16 DESKTOP-QEHGMK8 kernel: [    0.011326] Dentry cache hash table entries: 524288 (order: 10, 4194304 bytes, linear)
Jun  9 23:53:16 DESKTOP-QEHGMK8 kernel: [    0.012003] Inode-cache hash table entries: 262144 (order: 9, 2097152 bytes, linear)
Jun  9 23:53:16 DESKTOP-QEHGMK8 kernel: [    0.012074] mem auto-init: stack:off, heap alloc:off, heap free:off
Jun  9 23:53:16 DESKTOP-QEHGMK8 kernel: [    0.013610] Memory: 257952K/3111548K available (18452K kernel code, 2628K rwdata, 9636K rodata, 2004K init, 1824K bss, 102624K reserved, 0K cma-reserved)
Jun  9 23:53:16 DESKTOP-QEHGMK8 kernel: [    0.013681] SLUB: HWalign=64, Order=0-3, MinObjects=0, CPUs=8, Nodes=1
Jun  9 23:53:16 DESKTOP-QEHGMK8 kernel: [    0.013727] ftrace: allocating 52828 entries in 207 pages
Jun  9 23:53:16 DESKTOP-QEHGMK8 kernel: [    0.045340] ftrace: allocated 207 pages with 6 groups
Jun  9 23:53:16 DESKTOP-QEHGMK8 kernel: [    0.045996] rcu: Hierarchical RCU implementation.
Jun  9 23:53:16 DESKTOP-QEHGMK8 kernel: [    0.046003] rcu: 	RCU restricting CPUs from NR_CPUS=256 to nr_cpu_ids=8.
Jun  9 23:53:16 DESKTOP-QEHGMK8 kernel: [    0.046006] 	Rude variant of Tasks RCU enabled.
Jun  9 23:53:16 DESKTOP-QEHGMK8 kernel: [    0.046007] 	Tracing variant of Tasks RCU enabled.
Jun  9 23:53:16 DESKTOP-QEHGMK8 kernel: [    0.046008] rcu: RCU calculated value of scheduler-enlistment delay is 10 jiffies.
Jun  9 23:53:16 DESKTOP-QEHGMK8 kernel: [    0.046010] rcu: Adjusting geometry for rcu_fanout_leaf=16, nr_cpu_ids=8
Jun  9 23:53:16 DESKTOP-QEHGMK8 kernel: [    0.054788] Using NULL legacy PIC
Jun  9 23:53:16 DESKTOP-QEHGMK8 kernel: [    0.054793] NR_IRQS: 16640, nr_irqs: 488, preallocated irqs: 0
Jun  9 23:53:16 DESKTOP-QEHGMK8 kernel: [    0.055714] random: crng init done
Jun  9 23:53:16 DESKTOP-QEHGMK8 kernel: [    0.055755] Console: colour dummy device 80x25
Jun  9 23:53:16 DESKTOP-QEHGMK8 kernel: [    0.055768] ACPI: Core revision 20210730
Jun  9 23:53:16 DESKTOP-QEHGMK8 kernel: [    0.055887] Failed to register legacy timer interrupt
Jun  9 23:53:16 DESKTOP-QEHGMK8 kernel: [    0.055889] APIC: Switch to symmetric I/O mode setup
Jun  9 23:53:16 DESKTOP-QEHGMK8 kernel: [    0.055924] Hyper-V: Using IPI hypercalls
Jun  9 23:53:16 DESKTOP-QEHGMK8 kernel: [    0.055926] Hyper-V: Using enlightened APIC (xapic mode)
Jun  9 23:53:16 DESKTOP-QEHGMK8 kernel: [    0.056116] clocksource: tsc-early: mask: 0xffffffffffffffff max_cycles: 0x211708baae2, max_idle_ns: 440795274168 ns
Jun  9 23:53:16 DESKTOP-QEHGMK8 kernel: [    0.056128] Calibrating delay loop (skipped), value calculated using timer frequency.. 4591.23 BogoMIPS (lpj=22956170)
Jun  9 23:53:16 DESKTOP-QEHGMK8 kernel: [    0.056207] AMD Zen1 DIV0 bug detected. Disable SMT for full protection.
Jun  9 23:53:16 DESKTOP-QEHGMK8 kernel: [    0.056420] Last level iTLB entries: 4KB 1024, 2MB 1024, 4MB 512
Jun  9 23:53:16 DESKTOP-QEHGMK8 kernel: [    0.056422] Last level dTLB entries: 4KB 1536, 2MB 1536, 4MB 768, 1GB 0
Jun  9 23:53:16 DESKTOP-QEHGMK8 kernel: [    0.056426] Spectre V1 : Mitigation: usercopy/swapgs barriers and __user pointer sanitization
Jun  9 23:53:16 DESKTOP-QEHGMK8 kernel: [    0.056429] Spectre V2 : Mitigation: Retpolines
Jun  9 23:53:16 DESKTOP-QEHGMK8 kernel: [    0.056430] Spectre V2 : Spectre v2 / SpectreRSB mitigation: Filling RSB on context switch
Jun  9 23:53:16 DESKTOP-QEHGMK8 kernel: [    0.056431] Spectre V2 : Spectre v2 / SpectreRSB : Filling RSB on VMEXIT
Jun  9 23:53:16 DESKTOP-QEHGMK8 kernel: [    0.056432] Spectre V2 : Enabling Speculation Barrier for firmware calls
Jun  9 23:53:16 DESKTOP-QEHGMK8 kernel: [    0.056433] RETBleed: Mitigation: untrained return thunk
Jun  9 23:53:16 DESKTOP-QEHGMK8 kernel: [    0.056436] Spectre V2 : mitigation: Enabling conditional Indirect Branch Prediction Barrier
Jun  9 23:53:16 DESKTOP-QEHGMK8 kernel: [    0.056438] Speculative Store Bypass: Mitigation: Speculative Store Bypass disabled via prctl and seccomp
Jun  9 23:53:16 DESKTOP-QEHGMK8 kernel: [    0.056440] Speculative Return Stack Overflow: Mitigation: safe RET
Jun  9 23:53:16 DESKTOP-QEHGMK8 kernel: [    0.056459] x86/fpu: Supporting XSAVE feature 0x001: 'x87 floating point registers'
Jun  9 23:53:16 DESKTOP-QEHGMK8 kernel: [    0.056461] x86/fpu: Supporting XSAVE feature 0x002: 'SSE registers'
Jun  9 23:53:16 DESKTOP-QEHGMK8 kernel: [    0.056463] x86/fpu: Supporting XSAVE feature 0x004: 'AVX registers'
Jun  9 23:53:16 DESKTOP-QEHGMK8 kernel: [    0.056466] x86/fpu: xstate_offset[2]:  576, xstate_sizes[2]:  256
Jun  9 23:53:16 DESKTOP-QEHGMK8 kernel: [    0.056468] x86/fpu: Enabled xstate features 0x7, context size is 832 bytes, using 'standard' format.
Jun  9 23:53:16 DESKTOP-QEHGMK8 kernel: [    0.066122] Freeing SMP alternatives memory: 60K
Jun  9 23:53:16 DESKTOP-QEHGMK8 kernel: [    0.066122] pid_max: default: 32768 minimum: 301
Jun  9 23:53:16 DESKTOP-QEHGMK8 kernel: [    0.066122] LSM: Security Framework initializing
Jun  9 23:53:16 DESKTOP-QEHGMK8 kernel: [    0.066122] landlock: Up and running.
Jun  9 23:53:16 DESKTOP-QEHGMK8 kernel: [    0.066122] Mount-cache hash table entries: 8192 (order: 4, 65536 bytes, linear)
Jun  9 23:53:16 DESKTOP-QEHGMK8 kernel: [    0.066122] Mountpoint-cache hash table entries: 8192 (order: 4, 65536 bytes, linear)
Jun  9 23:53:16 DESKTOP-QEHGMK8 kernel: [    0.066122] smpboot: CPU0: AMD Ryzen 7 3700U with Radeon Vega Mobile Gfx (family: 0x17, model: 0x18, stepping: 0x1)
Jun  9 23:53:16 DESKTOP-QEHGMK8 kernel: [    0.066122] Performance Events: Fam17h+ core perfctr, AMD PMU driver.
Jun  9 23:53:16 DESKTOP-QEHGMK8 kernel: [    0.066122] ... version:                0
Jun  9 23:53:16 DESKTOP-QEHGMK8 kernel: [    0.066122] ... bit width:              48
Jun  9 23:53:16 DESKTOP-QEHGMK8 kernel: [    0.066122] ... generic registers:      6
Jun  9 23:53:16 DESKTOP-QEHGMK8 kernel: [    0.066122] ... value mask:             0000ffffffffffff
Jun  9 23:53:16 DESKTOP-QEHGMK8 kernel: [    0.066122] ... max period:             00007fffffffffff
Jun  9 23:53:16 DESKTOP-QEHGMK8 kernel: [    0.066122] ... fixed-purpose events:   0
Jun  9 23:53:16 DESKTOP-QEHGMK8 kernel: [    0.066122] ... event mask:             000000000000003f
Jun  9 23:53:16 DESKTOP-QEHGMK8 kernel: [    0.066122] signal: max sigframe size: 1776
Jun  9 23:53:16 DESKTOP-QEHGMK8 kernel: [    0.066122] rcu: Hierarchical SRCU implementation.
Jun  9 23:53:16 DESKTOP-QEHGMK8 kernel: [    0.066122] smp: Bringing up secondary CPUs ...
Jun  9 23:53:16 DESKTOP-QEHGMK8 kernel: [    0.066122] x86: Booting SMP configuration:
Jun  9 23:53:16 DESKTOP-QEHGMK8 kernel: [    0.066122] .... node  #0, CPUs:      #1 #2 #3 #4 #5 #6 #7
Jun  9 23:53:16 DESKTOP-QEHGMK8 kernel: [    0.066767] smp: Brought up 1 node, 8 CPUs
Jun  9 23:53:16 DESKTOP-QEHGMK8 kernel: [    0.066767] smpboot: Max logical packages: 1
Jun  9 23:53:16 DESKTOP-QEHGMK8 kernel: [    0.066767] smpboot: Total of 8 processors activated (36729.87 BogoMIPS)
Jun  9 23:53:16 DESKTOP-QEHGMK8 kernel: [    0.078002] node 0 deferred pages initialised in 10ms
Jun  9 23:53:16 DESKTOP-QEHGMK8 kernel: [    0.080868] devtmpfs: initialized
Jun  9 23:53:16 DESKTOP-QEHGMK8 kernel: [    0.080868] x86/mm: Memory block size: 128MB
Jun  9 23:53:16 DESKTOP-QEHGMK8 kernel: [    0.080868] clocksource: jiffies: mask: 0xffffffff max_cycles: 0xffffffff, max_idle_ns: 19112604462750000 ns
Jun  9 23:53:16 DESKTOP-QEHGMK8 kernel: [    0.080868] futex hash table entries: 2048 (order: 5, 131072 bytes, linear)
Jun  9 23:53:16 DESKTOP-QEHGMK8 kernel: [    0.086893] NET: Registered PF_NETLINK/PF_ROUTE protocol family
Jun  9 23:53:16 DESKTOP-QEHGMK8 kernel: [    0.087089] audit: initializing netlink subsys (disabled)
Jun  9 23:53:16 DESKTOP-QEHGMK8 kernel: [    0.087140] audit: type=2000 audit(1717991590.030:1): state=initialized audit_enabled=0 res=1
Jun  9 23:53:16 DESKTOP-QEHGMK8 kernel: [    0.087140] thermal_sys: Registered thermal governor 'step_wise'
Jun  9 23:53:16 DESKTOP-QEHGMK8 kernel: [    0.087140] cpuidle: using governor menu
Jun  9 23:53:16 DESKTOP-QEHGMK8 kernel: [    0.087140] ACPI: bus type PCI registered
Jun  9 23:53:16 DESKTOP-QEHGMK8 kernel: [    0.087140] PCI: Fatal: No config space access function found
Jun  9 23:53:16 DESKTOP-QEHGMK8 kernel: [    0.087140] kprobes: kprobe jump-optimization is enabled. All kprobes are optimized if possible.
Jun  9 23:53:16 DESKTOP-QEHGMK8 kernel: [    0.087140] HugeTLB registered 1.00 GiB page size, pre-allocated 0 pages
Jun  9 23:53:16 DESKTOP-QEHGMK8 kernel: [    0.087140] HugeTLB registered 2.00 MiB page size, pre-allocated 0 pages
Jun  9 23:53:16 DESKTOP-QEHGMK8 kernel: [    0.096199] raid6: skip pq benchmark and using algorithm avx2x4
Jun  9 23:53:16 DESKTOP-QEHGMK8 kernel: [    0.096199] raid6: using avx2x2 recovery algorithm
Jun  9 23:53:16 DESKTOP-QEHGMK8 kernel: [    0.096199] ACPI: Added _OSI(Module Device)
Jun  9 23:53:16 DESKTOP-QEHGMK8 kernel: [    0.096199] ACPI: Added _OSI(Processor Device)
Jun  9 23:53:16 DESKTOP-QEHGMK8 kernel: [    0.096200] ACPI: Added _OSI(3.0 _SCP Extensions)
Jun  9 23:53:16 DESKTOP-QEHGMK8 kernel: [    0.096202] ACPI: Added _OSI(Processor Aggregator Device)
Jun  9 23:53:16 DESKTOP-QEHGMK8 kernel: [    0.096204] ACPI: Added _OSI(Linux-Dell-Video)
Jun  9 23:53:16 DESKTOP-QEHGMK8 kernel: [    0.096205] ACPI: Added _OSI(Linux-Lenovo-NV-HDMI-Audio)
Jun  9 23:53:16 DESKTOP-QEHGMK8 kernel: [    0.096207] ACPI: Added _OSI(Linux-HPI-Hybrid-Graphics)
Jun  9 23:53:16 DESKTOP-QEHGMK8 kernel: [    0.107388] ACPI: 1 ACPI AML tables successfully acquired and loaded
Jun  9 23:53:16 DESKTOP-QEHGMK8 kernel: [    0.109961] ACPI: Interpreter enabled
Jun  9 23:53:16 DESKTOP-QEHGMK8 kernel: [    0.109970] ACPI: PM: (supports S0 S5)
Jun  9 23:53:16 DESKTOP-QEHGMK8 kernel: [    0.109973] ACPI: Using IOAPIC for interrupt routing
Jun  9 23:53:16 DESKTOP-QEHGMK8 kernel: [    0.109992] PCI: Using host bridge windows from ACPI; if necessary, use "pci=nocrs" and report a bug
Jun  9 23:53:16 DESKTOP-QEHGMK8 kernel: [    0.110257] ACPI: Enabled 2 GPEs in block 00 to 0F
Jun  9 23:53:16 DESKTOP-QEHGMK8 kernel: [    0.112483] iommu: Default domain type: Translated 
Jun  9 23:53:16 DESKTOP-QEHGMK8 kernel: [    0.112488] iommu: DMA domain TLB invalidation policy: lazy mode 
Jun  9 23:53:16 DESKTOP-QEHGMK8 kernel: [    0.112582] SCSI subsystem initialized
Jun  9 23:53:16 DESKTOP-QEHGMK8 kernel: [    0.112593] ACPI: bus type USB registered
Jun  9 23:53:16 DESKTOP-QEHGMK8 kernel: [    0.112603] usbcore: registered new interface driver usbfs
Jun  9 23:53:16 DESKTOP-QEHGMK8 kernel: [    0.112609] usbcore: registered new interface driver hub
Jun  9 23:53:16 DESKTOP-QEHGMK8 kernel: [    0.112615] usbcore: registered new device driver usb
Jun  9 23:53:16 DESKTOP-QEHGMK8 kernel: [    0.112626] pps_core: LinuxPPS API ver. 1 registered
Jun  9 23:53:16 DESKTOP-QEHGMK8 kernel: [    0.112627] pps_core: Software ver. 5.3.6 - Copyright 2005-2007 Rodolfo Giometti <giometti@linux.it>
Jun  9 23:53:16 DESKTOP-QEHGMK8 kernel: [    0.112630] PTP clock support registered
Jun  9 23:53:16 DESKTOP-QEHGMK8 kernel: [    0.112682] hv_vmbus: Vmbus version:5.3
Jun  9 23:53:16 DESKTOP-QEHGMK8 kernel: [    0.112682] PCI: Using ACPI for IRQ routing
Jun  9 23:53:16 DESKTOP-QEHGMK8 kernel: [    0.112682] PCI: System does not support PCI
Jun  9 23:53:16 DESKTOP-QEHGMK8 kernel: [    0.112682] clocksource: Switched to clocksource tsc-early
Jun  9 23:53:16 DESKTOP-QEHGMK8 kernel: [    0.112682] hv_vmbus: Unknown GUID: c376c1c3-d276-48d2-90a9-c04748072c60
Jun  9 23:53:16 DESKTOP-QEHGMK8 kernel: [    0.112682] hv_vmbus: Unknown GUID: 6e382d18-3336-4f4b-acc4-2b7703d4df4a
Jun  9 23:53:16 DESKTOP-QEHGMK8 kernel: [    0.112682] hv_vmbus: Unknown GUID: dde9cbc0-5060-4436-9448-ea1254a5d177
Jun  9 23:53:16 DESKTOP-QEHGMK8 kernel: [    0.120339] VFS: Disk quotas dquot_6.6.0
Jun  9 23:53:16 DESKTOP-QEHGMK8 kernel: [    0.120361] VFS: Dquot-cache hash table entries: 512 (order 0, 4096 bytes)
Jun  9 23:53:16 DESKTOP-QEHGMK8 kernel: [    0.120385] FS-Cache: Loaded
Jun  9 23:53:16 DESKTOP-QEHGMK8 kernel: [    0.120420] pnp: PnP ACPI init
Jun  9 23:53:16 DESKTOP-QEHGMK8 kernel: [    0.120817] pnp: PnP ACPI: found 1 devices
Jun  9 23:53:16 DESKTOP-QEHGMK8 kernel: [    0.130071] NET: Registered PF_INET protocol family
Jun  9 23:53:16 DESKTOP-QEHGMK8 kernel: [    0.130163] IP idents hash table entries: 65536 (order: 7, 524288 bytes, linear)
Jun  9 23:53:16 DESKTOP-QEHGMK8 kernel: [    0.130959] tcp_listen_portaddr_hash hash table entries: 2048 (order: 3, 32768 bytes, linear)
Jun  9 23:53:16 DESKTOP-QEHGMK8 kernel: [    0.130974] Table-perturb hash table entries: 65536 (order: 6, 262144 bytes, linear)
Jun  9 23:53:16 DESKTOP-QEHGMK8 kernel: [    0.130979] TCP established hash table entries: 32768 (order: 6, 262144 bytes, linear)
Jun  9 23:53:16 DESKTOP-QEHGMK8 kernel: [    0.131039] TCP bind hash table entries: 32768 (order: 7, 524288 bytes, linear)
Jun  9 23:53:16 DESKTOP-QEHGMK8 kernel: [    0.131146] TCP: Hash tables configured (established 32768 bind 32768)
Jun  9 23:53:16 DESKTOP-QEHGMK8 kernel: [    0.131203] UDP hash table entries: 2048 (order: 4, 65536 bytes, linear)
Jun  9 23:53:16 DESKTOP-QEHGMK8 kernel: [    0.131222] UDP-Lite hash table entries: 2048 (order: 4, 65536 bytes, linear)
Jun  9 23:53:16 DESKTOP-QEHGMK8 kernel: [    0.131285] NET: Registered PF_UNIX/PF_LOCAL protocol family
Jun  9 23:53:16 DESKTOP-QEHGMK8 kernel: [    0.137694] RPC: Registered named UNIX socket transport module.
Jun  9 23:53:16 DESKTOP-QEHGMK8 kernel: [    0.137704] RPC: Registered udp transport module.
Jun  9 23:53:16 DESKTOP-QEHGMK8 kernel: [    0.137706] RPC: Registered tcp transport module.
Jun  9 23:53:16 DESKTOP-QEHGMK8 kernel: [    0.137713] RPC: Registered tcp NFSv4.1 backchannel transport module.
Jun  9 23:53:16 DESKTOP-QEHGMK8 kernel: [    0.137719] PCI: CLS 0 bytes, default 64
Jun  9 23:53:16 DESKTOP-QEHGMK8 kernel: [    0.137856] Trying to unpack rootfs image as initramfs...
Jun  9 23:53:16 DESKTOP-QEHGMK8 kernel: [    0.137861] kvm: no hardware support
Jun  9 23:53:16 DESKTOP-QEHGMK8 kernel: [    0.139182] Freeing initrd memory: 1884K
Jun  9 23:53:16 DESKTOP-QEHGMK8 kernel: [    0.139307] kvm: Nested Virtualization enabled
Jun  9 23:53:16 DESKTOP-QEHGMK8 kernel: [    0.139311] SVM: kvm: Nested Paging enabled
Jun  9 23:53:16 DESKTOP-QEHGMK8 kernel: [    0.139313] SVM: kvm: Hyper-V enlightened NPT TLB flush enabled
Jun  9 23:53:16 DESKTOP-QEHGMK8 kernel: [    0.139316] SVM: kvm: Hyper-V Direct TLB Flush enabled
Jun  9 23:53:16 DESKTOP-QEHGMK8 kernel: [    0.139335] SVM: Virtual VMLOAD VMSAVE supported
Jun  9 23:53:16 DESKTOP-QEHGMK8 kernel: [    0.285341] Initialise system trusted keyrings
Jun  9 23:53:16 DESKTOP-QEHGMK8 kernel: [    0.285552] workingset: timestamp_bits=46 max_order=20 bucket_order=0
Jun  9 23:53:16 DESKTOP-QEHGMK8 kernel: [    0.286867] squashfs: version 4.0 (2009/01/31) Phillip Lougher
Jun  9 23:53:16 DESKTOP-QEHGMK8 kernel: [    0.287253] NFS: Registering the id_resolver key type
Jun  9 23:53:16 DESKTOP-QEHGMK8 kernel: [    0.287263] Key type id_resolver registered
Jun  9 23:53:16 DESKTOP-QEHGMK8 kernel: [    0.287265] Key type id_legacy registered
Jun  9 23:53:16 DESKTOP-QEHGMK8 kernel: [    0.287269] nfs4filelayout_init: NFSv4 File Layout Driver Registering...
Jun  9 23:53:16 DESKTOP-QEHGMK8 kernel: [    0.287272] nfs4flexfilelayout_init: NFSv4 Flexfile Layout Driver Registering...
Jun  9 23:53:16 DESKTOP-QEHGMK8 kernel: [    0.287274] Installing knfsd (copyright (C) 1996 okir@monad.swb.de).
Jun  9 23:53:16 DESKTOP-QEHGMK8 kernel: [    0.288525] Key type cifs.idmap registered
Jun  9 23:53:16 DESKTOP-QEHGMK8 kernel: [    0.288662] fuse: init (API version 7.34)
Jun  9 23:53:16 DESKTOP-QEHGMK8 kernel: [    0.288939] SGI XFS with ACLs, security attributes, realtime, scrub, repair, quota, no debug enabled
Jun  9 23:53:16 DESKTOP-QEHGMK8 kernel: [    0.289493] 9p: Installing v9fs 9p2000 file system support
Jun  9 23:53:16 DESKTOP-QEHGMK8 kernel: [    0.289506] FS-Cache: Netfs '9p' registered for caching
Jun  9 23:53:16 DESKTOP-QEHGMK8 kernel: [    0.289567] FS-Cache: Netfs 'ceph' registered for caching
Jun  9 23:53:16 DESKTOP-QEHGMK8 kernel: [    0.289570] ceph: loaded (mds proto 32)
Jun  9 23:53:16 DESKTOP-QEHGMK8 kernel: [    0.301932] NET: Registered PF_ALG protocol family
Jun  9 23:53:16 DESKTOP-QEHGMK8 kernel: [    0.301940] xor: automatically using best checksumming function   avx       
Jun  9 23:53:16 DESKTOP-QEHGMK8 kernel: [    0.301946] Key type asymmetric registered
Jun  9 23:53:16 DESKTOP-QEHGMK8 kernel: [    0.301948] Asymmetric key parser 'x509' registered
Jun  9 23:53:16 DESKTOP-QEHGMK8 kernel: [    0.301996] Block layer SCSI generic (bsg) driver version 0.4 loaded (major 248)
Jun  9 23:53:16 DESKTOP-QEHGMK8 kernel: [    0.303703] hv_vmbus: registering driver hv_pci
Jun  9 23:53:16 DESKTOP-QEHGMK8 kernel: [    0.304159] hv_pci f392c8f4-9460-48e9-b2b6-54e687bd7586: PCI VMBus probing: Using version 0x10004
Jun  9 23:53:16 DESKTOP-QEHGMK8 kernel: [    0.306086] hv_pci f392c8f4-9460-48e9-b2b6-54e687bd7586: PCI host bridge to bus 9460:00
Jun  9 23:53:16 DESKTOP-QEHGMK8 kernel: [    0.306093] pci_bus 9460:00: root bus resource [mem 0x9ffe00000-0x9ffe02fff window]
Jun  9 23:53:16 DESKTOP-QEHGMK8 kernel: [    0.306097] pci_bus 9460:00: No busn resource found for root bus, will use [bus 00-ff]
Jun  9 23:53:16 DESKTOP-QEHGMK8 kernel: [    0.307923] pci 9460:00:00.0: [1af4:1043] type 00 class 0x010000
Jun  9 23:53:16 DESKTOP-QEHGMK8 kernel: [    0.310514] pci 9460:00:00.0: reg 0x10: [mem 0x9ffe00000-0x9ffe00fff 64bit]
Jun  9 23:53:16 DESKTOP-QEHGMK8 kernel: [    0.311710] pci 9460:00:00.0: reg 0x18: [mem 0x9ffe01000-0x9ffe01fff 64bit]
Jun  9 23:53:16 DESKTOP-QEHGMK8 kernel: [    0.312842] pci 9460:00:00.0: reg 0x20: [mem 0x9ffe02000-0x9ffe02fff 64bit]
Jun  9 23:53:16 DESKTOP-QEHGMK8 kernel: [    0.318594] pci_bus 9460:00: busn_res: [bus 00-ff] end is updated to 00
Jun  9 23:53:16 DESKTOP-QEHGMK8 kernel: [    0.318607] pci 9460:00:00.0: BAR 0: assigned [mem 0x9ffe00000-0x9ffe00fff 64bit]
Jun  9 23:53:16 DESKTOP-QEHGMK8 kernel: [    0.319409] pci 9460:00:00.0: BAR 2: assigned [mem 0x9ffe01000-0x9ffe01fff 64bit]
Jun  9 23:53:16 DESKTOP-QEHGMK8 kernel: [    0.320141] pci 9460:00:00.0: BAR 4: assigned [mem 0x9ffe02000-0x9ffe02fff 64bit]
Jun  9 23:53:16 DESKTOP-QEHGMK8 kernel: [    0.321447] hv_pci 05794ba3-8bec-4234-a9a6-689722ef6c2d: PCI VMBus probing: Using version 0x10004
Jun  9 23:53:16 DESKTOP-QEHGMK8 kernel: [    0.322780] hv_pci 05794ba3-8bec-4234-a9a6-689722ef6c2d: PCI host bridge to bus 8bec:00
Jun  9 23:53:16 DESKTOP-QEHGMK8 kernel: [    0.322785] pci_bus 8bec:00: No busn resource found for root bus, will use [bus 00-ff]
Jun  9 23:53:16 DESKTOP-QEHGMK8 kernel: [    0.323575] pci 8bec:00:00.0: [1414:008e] type 00 class 0x030200
Jun  9 23:53:16 DESKTOP-QEHGMK8 kernel: [    0.332011] pci_bus 8bec:00: busn_res: [bus 00-ff] end is updated to 00
Jun  9 23:53:16 DESKTOP-QEHGMK8 kernel: [    0.332253] ACPI: AC: AC Adapter [AC1] (on-line)
Jun  9 23:53:16 DESKTOP-QEHGMK8 kernel: [    0.333869] ACPI: battery: Slot [BAT1] (battery present)
Jun  9 23:53:16 DESKTOP-QEHGMK8 kernel: [    0.344093] Serial: 8250/16550 driver, 4 ports, IRQ sharing disabled
Jun  9 23:53:16 DESKTOP-QEHGMK8 kernel: [    0.448912] Non-volatile memory driver v1.3
Jun  9 23:53:16 DESKTOP-QEHGMK8 kernel: [    0.449300] [drm] Initialized vgem 1.0.0 20120112 for vgem on minor 0
Jun  9 23:53:16 DESKTOP-QEHGMK8 kernel: [    0.451368] printk: console [hvc0] enabled
Jun  9 23:53:16 DESKTOP-QEHGMK8 kernel: [    0.453769] brd: module loaded
Jun  9 23:53:16 DESKTOP-QEHGMK8 kernel: [    0.456083] loop: module loaded
Jun  9 23:53:16 DESKTOP-QEHGMK8 kernel: [    0.456885] hv_vmbus: registering driver hv_storvsc
Jun  9 23:53:16 DESKTOP-QEHGMK8 kernel: [    0.457898] wireguard: WireGuard 1.0.0 loaded. See www.wireguard.com for information.
Jun  9 23:53:16 DESKTOP-QEHGMK8 kernel: [    0.459809] wireguard: Copyright (C) 2015-2019 Jason A. Donenfeld <Jason@zx2c4.com>. All Rights Reserved.
Jun  9 23:53:16 DESKTOP-QEHGMK8 kernel: [    0.460720] scsi host0: storvsc_host_t
Jun  9 23:53:16 DESKTOP-QEHGMK8 kernel: [    0.461070] tun: Universal TUN/TAP device driver, 1.6
Jun  9 23:53:16 DESKTOP-QEHGMK8 kernel: [    0.462477] PPP generic driver version 2.4.2
Jun  9 23:53:16 DESKTOP-QEHGMK8 kernel: [    0.463536] PPP BSD Compression module registered
Jun  9 23:53:16 DESKTOP-QEHGMK8 kernel: [    0.464297] PPP Deflate Compression module registered
Jun  9 23:53:16 DESKTOP-QEHGMK8 kernel: [    0.464892] PPP MPPE Compression module registered
Jun  9 23:53:16 DESKTOP-QEHGMK8 kernel: [    0.465567] NET: Registered PF_PPPOX protocol family
Jun  9 23:53:16 DESKTOP-QEHGMK8 kernel: [    0.466572] usbcore: registered new interface driver cdc_ether
Jun  9 23:53:16 DESKTOP-QEHGMK8 kernel: [    0.467451] usbcore: registered new interface driver cdc_ncm
Jun  9 23:53:16 DESKTOP-QEHGMK8 kernel: [    0.468264] usbcore: registered new interface driver r8153_ecm
Jun  9 23:53:16 DESKTOP-QEHGMK8 kernel: [    0.469071] hv_vmbus: registering driver hv_netvsc
Jun  9 23:53:16 DESKTOP-QEHGMK8 kernel: [    0.469978] VFIO - User Level meta-driver version: 0.3
Jun  9 23:53:16 DESKTOP-QEHGMK8 kernel: [    0.471118] usbcore: registered new interface driver cdc_acm
Jun  9 23:53:16 DESKTOP-QEHGMK8 kernel: [    0.472100] cdc_acm: USB Abstract Control Model driver for USB modems and ISDN adapters
Jun  9 23:53:16 DESKTOP-QEHGMK8 kernel: [    0.473494] vhci_hcd vhci_hcd.0: USB/IP Virtual Host Controller
Jun  9 23:53:16 DESKTOP-QEHGMK8 kernel: [    0.474410] vhci_hcd vhci_hcd.0: new USB bus registered, assigned bus number 1
Jun  9 23:53:16 DESKTOP-QEHGMK8 kernel: [    0.475863] vhci_hcd: created sysfs vhci_hcd.0
Jun  9 23:53:16 DESKTOP-QEHGMK8 kernel: [    0.477122] usb usb1: New USB device found, idVendor=1d6b, idProduct=0002, bcdDevice= 5.15
Jun  9 23:53:16 DESKTOP-QEHGMK8 kernel: [    0.478152] usb usb1: New USB device strings: Mfr=3, Product=2, SerialNumber=1
Jun  9 23:53:16 DESKTOP-QEHGMK8 kernel: [    0.479025] usb usb1: Product: USB/IP Virtual Host Controller
Jun  9 23:53:16 DESKTOP-QEHGMK8 kernel: [    0.479787] usb usb1: Manufacturer: Linux 5.15.146.1-microsoft-standard-WSL2 vhci_hcd
Jun  9 23:53:16 DESKTOP-QEHGMK8 kernel: [    0.480868] usb usb1: SerialNumber: vhci_hcd.0
Jun  9 23:53:16 DESKTOP-QEHGMK8 kernel: [    0.481829] hub 1-0:1.0: USB hub found
Jun  9 23:53:16 DESKTOP-QEHGMK8 kernel: [    0.482519] hub 1-0:1.0: 8 ports detected
Jun  9 23:53:16 DESKTOP-QEHGMK8 kernel: [    0.483732] vhci_hcd vhci_hcd.0: USB/IP Virtual Host Controller
Jun  9 23:53:16 DESKTOP-QEHGMK8 kernel: [    0.484588] vhci_hcd vhci_hcd.0: new USB bus registered, assigned bus number 2
Jun  9 23:53:16 DESKTOP-QEHGMK8 kernel: [    0.485468] usb usb2: We don't know the algorithms for LPM for this host, disabling LPM.
Jun  9 23:53:16 DESKTOP-QEHGMK8 kernel: [    0.486718] usb usb2: New USB device found, idVendor=1d6b, idProduct=0003, bcdDevice= 5.15
Jun  9 23:53:16 DESKTOP-QEHGMK8 kernel: [    0.487525] usb usb2: New USB device strings: Mfr=3, Product=2, SerialNumber=1
Jun  9 23:53:16 DESKTOP-QEHGMK8 kernel: [    0.488519] usb usb2: Product: USB/IP Virtual Host Controller
Jun  9 23:53:16 DESKTOP-QEHGMK8 kernel: [    0.489321] usb usb2: Manufacturer: Linux 5.15.146.1-microsoft-standard-WSL2 vhci_hcd
Jun  9 23:53:16 DESKTOP-QEHGMK8 kernel: [    0.490163] usb usb2: SerialNumber: vhci_hcd.0
Jun  9 23:53:16 DESKTOP-QEHGMK8 kernel: [    0.491367] hub 2-0:1.0: USB hub found
Jun  9 23:53:16 DESKTOP-QEHGMK8 kernel: [    0.492478] hub 2-0:1.0: 8 ports detected
Jun  9 23:53:16 DESKTOP-QEHGMK8 kernel: [    0.493605] hv_vmbus: registering driver hyperv_keyboard
Jun  9 23:53:16 DESKTOP-QEHGMK8 kernel: [    0.494551] rtc_cmos 00:00: RTC can wake from S4
Jun  9 23:53:16 DESKTOP-QEHGMK8 kernel: [    0.498986] rtc_cmos 00:00: registered as rtc0
Jun  9 23:53:16 DESKTOP-QEHGMK8 kernel: [    0.500311] rtc_cmos 00:00: setting system clock to 2024-06-10T03:53:10 UTC (1717991590)
Jun  9 23:53:16 DESKTOP-QEHGMK8 kernel: [    0.501781] rtc_cmos 00:00: alarms up to one month, 114 bytes nvram
Jun  9 23:53:16 DESKTOP-QEHGMK8 kernel: [    0.503029] device-mapper: ioctl: 4.45.0-ioctl (2021-03-22) initialised: dm-devel@redhat.com
Jun  9 23:53:16 DESKTOP-QEHGMK8 kernel: [    0.504632] device-mapper: raid: Loading target version 1.15.1
Jun  9 23:53:16 DESKTOP-QEHGMK8 kernel: [    0.505599] usbcore: registered new interface driver usbhid
Jun  9 23:53:16 DESKTOP-QEHGMK8 kernel: [    0.506349] usbhid: USB HID core driver
Jun  9 23:53:16 DESKTOP-QEHGMK8 kernel: [    0.507119] hv_utils: Registering HyperV Utility Driver
Jun  9 23:53:16 DESKTOP-QEHGMK8 kernel: [    0.508941] hv_vmbus: registering driver hv_utils
Jun  9 23:53:16 DESKTOP-QEHGMK8 kernel: [    0.510061] hv_vmbus: registering driver hv_balloon
Jun  9 23:53:16 DESKTOP-QEHGMK8 kernel: [    0.511125] hv_utils: TimeSync IC version 4.0
Jun  9 23:53:16 DESKTOP-QEHGMK8 kernel: [    0.511551] hv_vmbus: registering driver dxgkrnl
Jun  9 23:53:16 DESKTOP-QEHGMK8 kernel: [    0.512396] hv_balloon: Using Dynamic Memory protocol version 2.0
Jun  9 23:53:16 DESKTOP-QEHGMK8 kernel: [    0.515176] drop_monitor: Initializing network drop monitor service
Jun  9 23:53:16 DESKTOP-QEHGMK8 kernel: [    0.516359] Mirror/redirect action on
Jun  9 23:53:16 DESKTOP-QEHGMK8 kernel: [    0.516962] Free page reporting enabled
Jun  9 23:53:16 DESKTOP-QEHGMK8 kernel: [    0.516978] u32 classifier
Jun  9 23:53:16 DESKTOP-QEHGMK8 kernel: [    0.517501] hv_balloon: Cold memory discard hint enabled with order 9
Jun  9 23:53:16 DESKTOP-QEHGMK8 kernel: [    0.517890]     Performance counters on
Jun  9 23:53:16 DESKTOP-QEHGMK8 kernel: [    0.517892]     input device check on
Jun  9 23:53:16 DESKTOP-QEHGMK8 kernel: [    0.519842]     Actions configured
Jun  9 23:53:16 DESKTOP-QEHGMK8 kernel: [    0.520898] IPVS: Registered protocols (TCP, UDP)
Jun  9 23:53:16 DESKTOP-QEHGMK8 kernel: [    0.521849] IPVS: Connection hash table configured (size=4096, memory=32Kbytes)
Jun  9 23:53:16 DESKTOP-QEHGMK8 kernel: [    0.522994] IPVS: ipvs loaded.
Jun  9 23:53:16 DESKTOP-QEHGMK8 kernel: [    0.523512] IPVS: [rr] scheduler registered.
Jun  9 23:53:16 DESKTOP-QEHGMK8 kernel: [    0.524464] IPVS: [wrr] scheduler registered.
Jun  9 23:53:16 DESKTOP-QEHGMK8 kernel: [    0.525480] IPVS: [sh] scheduler registered.
Jun  9 23:53:16 DESKTOP-QEHGMK8 kernel: [    0.526373] ipt_CLUSTERIP: ClusterIP Version 0.8 loaded successfully
Jun  9 23:53:16 DESKTOP-QEHGMK8 kernel: [    0.527362] Initializing XFRM netlink socket
Jun  9 23:53:16 DESKTOP-QEHGMK8 kernel: [    0.528132] NET: Registered PF_INET6 protocol family
Jun  9 23:53:16 DESKTOP-QEHGMK8 kernel: [    0.529750] Segment Routing with IPv6
Jun  9 23:53:16 DESKTOP-QEHGMK8 kernel: [    0.530447] In-situ OAM (IOAM) with IPv6
Jun  9 23:53:16 DESKTOP-QEHGMK8 kernel: [    0.531093] NET: Registered PF_PACKET protocol family
Jun  9 23:53:16 DESKTOP-QEHGMK8 kernel: [    0.531784] Bridge firewalling registered
Jun  9 23:53:16 DESKTOP-QEHGMK8 kernel: [    0.532369] 8021q: 802.1Q VLAN Support v1.8
Jun  9 23:53:16 DESKTOP-QEHGMK8 kernel: [    0.532982] sctp: Hash tables configured (bind 256/256)
Jun  9 23:53:16 DESKTOP-QEHGMK8 kernel: [    0.533785] 9pnet: Installing 9P2000 support
Jun  9 23:53:16 DESKTOP-QEHGMK8 kernel: [    0.534589] Key type dns_resolver registered
Jun  9 23:53:16 DESKTOP-QEHGMK8 kernel: [    0.535246] Key type ceph registered
Jun  9 23:53:16 DESKTOP-QEHGMK8 kernel: [    0.536264] libceph: loaded (mon/osd proto 15/24)
Jun  9 23:53:16 DESKTOP-QEHGMK8 kernel: [    0.537183] NET: Registered PF_VSOCK protocol family
Jun  9 23:53:16 DESKTOP-QEHGMK8 kernel: [    0.537881] hv_vmbus: registering driver hv_sock
Jun  9 23:53:16 DESKTOP-QEHGMK8 kernel: [    0.538569] IPI shorthand broadcast: enabled
Jun  9 23:53:16 DESKTOP-QEHGMK8 kernel: [    0.539436] sched_clock: Marking stable (536507300, 648400)->(560593700, -23438000)
Jun  9 23:53:16 DESKTOP-QEHGMK8 kernel: [    0.541339] registered taskstats version 1
Jun  9 23:53:16 DESKTOP-QEHGMK8 kernel: [    0.543669] Loading compiled-in X.509 certificates
Jun  9 23:53:16 DESKTOP-QEHGMK8 kernel: [    0.546443] Btrfs loaded, crc32c=crc32c-generic, zoned=no, fsverity=no
Jun  9 23:53:16 DESKTOP-QEHGMK8 kernel: [    0.549210] Freeing unused kernel image (initmem) memory: 2004K
Jun  9 23:53:16 DESKTOP-QEHGMK8 kernel: [    0.600831] Write protecting the kernel read-only data: 30720k
Jun  9 23:53:16 DESKTOP-QEHGMK8 kernel: [    0.602868] Freeing unused kernel image (text/rodata gap) memory: 2024K
Jun  9 23:53:16 DESKTOP-QEHGMK8 kernel: [    0.604281] Freeing unused kernel image (rodata/data gap) memory: 604K
Jun  9 23:53:16 DESKTOP-QEHGMK8 kernel: [    0.605201] Run /init as init process
Jun  9 23:53:16 DESKTOP-QEHGMK8 kernel: [    0.605652]   with arguments:
Jun  9 23:53:16 DESKTOP-QEHGMK8 kernel: [    0.606079]     /init
Jun  9 23:53:16 DESKTOP-QEHGMK8 kernel: [    0.606356]   with environment:
Jun  9 23:53:16 DESKTOP-QEHGMK8 kernel: [    0.606825]     HOME=/
Jun  9 23:53:16 DESKTOP-QEHGMK8 kernel: [    0.607093]     TERM=linux
Jun  9 23:53:16 DESKTOP-QEHGMK8 kernel: [    0.607664]     WSL_ROOT_INIT=1
Jun  9 23:53:16 DESKTOP-QEHGMK8 kernel: [    0.671173] scsi 0:0:0:0: Direct-Access     Msft     Virtual Disk     1.0  PQ: 0 ANSI: 5
Jun  9 23:53:16 DESKTOP-QEHGMK8 kernel: [    0.686453] sd 0:0:0:0: Attached scsi generic sg0 type 0
Jun  9 23:53:16 DESKTOP-QEHGMK8 kernel: [    0.688629] sd 0:0:0:0: [sda] 795664 512-byte logical blocks: (407 MB/389 MiB)
Jun  9 23:53:16 DESKTOP-QEHGMK8 kernel: [    0.690187] sd 0:0:0:0: [sda] Write Protect is on
Jun  9 23:53:16 DESKTOP-QEHGMK8 kernel: [    0.691482] sd 0:0:0:0: [sda] Mode Sense: 0f 00 80 00
Jun  9 23:53:16 DESKTOP-QEHGMK8 kernel: [    0.693648] sd 0:0:0:0: [sda] Write cache: disabled, read cache: enabled, doesn't support DPO or FUA
Jun  9 23:53:16 DESKTOP-QEHGMK8 kernel: [    0.700112] sd 0:0:0:0: [sda] Attached SCSI disk
Jun  9 23:53:16 DESKTOP-QEHGMK8 kernel: [    0.781137] scsi 0:0:0:1: Direct-Access     Msft     Virtual Disk     1.0  PQ: 0 ANSI: 5
Jun  9 23:53:16 DESKTOP-QEHGMK8 kernel: [    0.786622] EXT4-fs (sda): mounted filesystem without journal. Opts: (null). Quota mode: none.
Jun  9 23:53:16 DESKTOP-QEHGMK8 kernel: [    0.792958] sd 0:0:0:1: Attached scsi generic sg1 type 0
Jun  9 23:53:16 DESKTOP-QEHGMK8 kernel: [    0.794911] sd 0:0:0:1: [sdb] 2097160 512-byte logical blocks: (1.07 GB/1.00 GiB)
Jun  9 23:53:16 DESKTOP-QEHGMK8 kernel: [    0.796127] sd 0:0:0:1: [sdb] 4096-byte physical blocks
Jun  9 23:53:16 DESKTOP-QEHGMK8 kernel: [    0.797172] sd 0:0:0:1: [sdb] Write Protect is off
Jun  9 23:53:16 DESKTOP-QEHGMK8 kernel: [    0.797925] sd 0:0:0:1: [sdb] Mode Sense: 0f 00 00 00
Jun  9 23:53:16 DESKTOP-QEHGMK8 kernel: [    0.798937] sd 0:0:0:1: [sdb] Write cache: enabled, read cache: enabled, doesn't support DPO or FUA
Jun  9 23:53:16 DESKTOP-QEHGMK8 kernel: [    0.803861] sd 0:0:0:1: [sdb] Attached SCSI disk
Jun  9 23:53:16 DESKTOP-QEHGMK8 kernel: [    0.860136] Adding 1048576k swap on /dev/sdb.  Priority:-2 extents:1 across:1048576k 
Jun  9 23:53:16 DESKTOP-QEHGMK8 kernel: [    1.340798] clocksource: tsc: mask: 0xffffffffffffffff max_cycles: 0x211708baae2, max_idle_ns: 440795274168 ns
Jun  9 23:53:16 DESKTOP-QEHGMK8 kernel: [    1.346007] clocksource: Switched to clocksource tsc
Jun  9 23:53:16 DESKTOP-QEHGMK8 kernel: [    2.688303] IPv6: ADDRCONF(NETDEV_CHANGE): eth0: link becomes ready
Jun  9 23:53:16 DESKTOP-QEHGMK8 kernel: [    2.873467] hv_pci 3f72a133-04ec-4b89-aab9-25ab68d67468: PCI VMBus probing: Using version 0x10004
Jun  9 23:53:16 DESKTOP-QEHGMK8 kernel: [    2.878353] hv_pci 3f72a133-04ec-4b89-aab9-25ab68d67468: PCI host bridge to bus 04ec:00
Jun  9 23:53:16 DESKTOP-QEHGMK8 kernel: [    2.879183] pci_bus 04ec:00: root bus resource [mem 0xc00000000-0xe00001fff window]
Jun  9 23:53:16 DESKTOP-QEHGMK8 kernel: [    2.879884] pci_bus 04ec:00: No busn resource found for root bus, will use [bus 00-ff]
Jun  9 23:53:16 DESKTOP-QEHGMK8 kernel: [    2.882437] pci 04ec:00:00.0: [1af4:105a] type 00 class 0x088000
Jun  9 23:53:16 DESKTOP-QEHGMK8 kernel: [    2.886351] pci 04ec:00:00.0: reg 0x10: [mem 0xe00000000-0xe00000fff 64bit]
Jun  9 23:53:16 DESKTOP-QEHGMK8 kernel: [    2.889773] pci 04ec:00:00.0: reg 0x18: [mem 0xe00001000-0xe00001fff 64bit]
Jun  9 23:53:16 DESKTOP-QEHGMK8 kernel: [    2.895384] pci 04ec:00:00.0: reg 0x20: [mem 0xc00000000-0xdffffffff 64bit]
Jun  9 23:53:16 DESKTOP-QEHGMK8 kernel: [    2.904416] pci_bus 04ec:00: busn_res: [bus 00-ff] end is updated to 00
Jun  9 23:53:16 DESKTOP-QEHGMK8 kernel: [    2.905400] pci 04ec:00:00.0: BAR 4: assigned [mem 0xc00000000-0xdffffffff 64bit]
Jun  9 23:53:16 DESKTOP-QEHGMK8 kernel: [    2.909055] pci 04ec:00:00.0: BAR 0: assigned [mem 0xe00000000-0xe00000fff 64bit]
Jun  9 23:53:16 DESKTOP-QEHGMK8 kernel: [    2.912606] pci 04ec:00:00.0: BAR 2: assigned [mem 0xe00001000-0xe00001fff 64bit]
Jun  9 23:53:16 DESKTOP-QEHGMK8 kernel: [    2.944628] virtiofs virtio1: Cache len: 0x200000000 @ 0xc00000000
Jun  9 23:53:16 DESKTOP-QEHGMK8 kernel: [    3.016278] memmap_init_zone_device initialised 2097152 pages in 30ms
Jun  9 23:53:16 DESKTOP-QEHGMK8 kernel: [    3.029222] FS-Cache: Duplicate cookie detected
Jun  9 23:53:16 DESKTOP-QEHGMK8 kernel: [    3.030089] FS-Cache: O-cookie c=00000004 [p=00000002 fl=222 nc=0 na=1]
Jun  9 23:53:16 DESKTOP-QEHGMK8 kernel: [    3.030961] FS-Cache: O-cookie d=00000000bbb8ea08{9P.session} n=000000008b26eb5c
Jun  9 23:53:16 DESKTOP-QEHGMK8 kernel: [    3.032081] FS-Cache: O-key=[10] '34323934393337353932'
Jun  9 23:53:16 DESKTOP-QEHGMK8 kernel: [    3.032752] FS-Cache: N-cookie c=00000005 [p=00000002 fl=2 nc=0 na=1]
Jun  9 23:53:16 DESKTOP-QEHGMK8 kernel: [    3.033515] FS-Cache: N-cookie d=00000000bbb8ea08{9P.session} n=000000008e785001
Jun  9 23:53:16 DESKTOP-QEHGMK8 kernel: [    3.034307] FS-Cache: N-key=[10] '34323934393337353932'
Jun  9 23:53:16 DESKTOP-QEHGMK8 kernel: [    3.083591] scsi 0:0:0:2: Direct-Access     Msft     Virtual Disk     1.0  PQ: 0 ANSI: 5
Jun  9 23:53:16 DESKTOP-QEHGMK8 kernel: [    3.092871] sd 0:0:0:2: Attached scsi generic sg2 type 0
Jun  9 23:53:16 DESKTOP-QEHGMK8 kernel: [    3.094196] sd 0:0:0:2: [sdc] 2147483648 512-byte logical blocks: (1.10 TB/1.00 TiB)
Jun  9 23:53:16 DESKTOP-QEHGMK8 kernel: [    3.095147] sd 0:0:0:2: [sdc] 4096-byte physical blocks
Jun  9 23:53:16 DESKTOP-QEHGMK8 kernel: [    3.095864] sd 0:0:0:2: [sdc] Write Protect is off
Jun  9 23:53:16 DESKTOP-QEHGMK8 kernel: [    3.096505] sd 0:0:0:2: [sdc] Mode Sense: 0f 00 00 00
Jun  9 23:53:16 DESKTOP-QEHGMK8 kernel: [    3.097427] sd 0:0:0:2: [sdc] Write cache: enabled, read cache: enabled, doesn't support DPO or FUA
Jun  9 23:53:16 DESKTOP-QEHGMK8 kernel: [    3.101695] sd 0:0:0:2: [sdc] Attached SCSI disk
Jun  9 23:53:16 DESKTOP-QEHGMK8 kernel: [    4.085434] EXT4-fs (sdc): recovery complete
Jun  9 23:53:16 DESKTOP-QEHGMK8 kernel: [    4.088181] EXT4-fs (sdc): mounted filesystem with ordered data mode. Opts: discard,errors=remount-ro,data=ordered. Quota mode: none.
Jun  9 23:53:16 DESKTOP-QEHGMK8 kernel: [    4.884772] misc dxg: dxgk: dxgkio_query_adapter_info: Ioctl failed: -22
Jun  9 23:53:16 DESKTOP-QEHGMK8 kernel: [    4.886147] misc dxg: dxgk: dxgkio_query_adapter_info: Ioctl failed: -22
Jun  9 23:53:16 DESKTOP-QEHGMK8 kernel: [    4.887493] misc dxg: dxgk: dxgkio_query_adapter_info: Ioctl failed: -22
Jun  9 23:53:16 DESKTOP-QEHGMK8 kernel: [    4.888649] misc dxg: dxgk: dxgkio_query_adapter_info: Ioctl failed: -22
Jun  9 23:53:16 DESKTOP-QEHGMK8 kernel: [    4.890156] misc dxg: dxgk: dxgkio_query_adapter_info: Ioctl failed: -2
Jun  9 23:53:22 DESKTOP-QEHGMK8 kernel: [   11.353876] TCP: eth0: Driver has suspect GRO implementation, TCP performance may be compromised.
Jun  9 23:54:00 DESKTOP-QEHGMK8 kernel: [   49.406381] hv_balloon: Max. dynamic memory size: 3040 MB
Jun 10 01:17:04 DESKTOP-QEHGMK8 kernel: [ 3709.306904] hv_utils: TimeSync IC version 4.0
Jun 10 01:17:25 DESKTOP-QEHGMK8 kernel: [ 3730.148894] potentially unexpected fatal signal 3.
Jun 10 01:17:25 DESKTOP-QEHGMK8 kernel: [ 3730.148900] CPU: 6 PID: 8524 Comm: next-server (v1 Not tainted 5.15.146.1-microsoft-standard-WSL2 #1
Jun 10 01:17:25 DESKTOP-QEHGMK8 kernel: [ 3730.148905] RIP: 0033:0x7fba7af06b68
Jun 10 01:17:25 DESKTOP-QEHGMK8 kernel: [ 3730.148911] Code: ae f6 ff 4c 8b 44 24 18 44 8b 54 24 14 41 b9 08 00 00 00 41 89 c4 8b 54 24 10 48 8b 74 24 08 b8 19 01 00 00 8b 7c 24 04 0f 05 <48> 3d 00 f0 ff ff 77 38 44 89 e7 89 44 24 04 e8 e4 ae f6 ff 8b 44
Jun 10 01:17:25 DESKTOP-QEHGMK8 kernel: [ 3730.148916] RSP: 002b:00007ffc0cbfdee0 EFLAGS: 00000293 ORIG_RAX: 0000000000000119
Jun 10 01:17:25 DESKTOP-QEHGMK8 kernel: [ 3730.148920] RAX: fffffffffffffffc RBX: 0000000000000000 RCX: 00007fba7af06b68
Jun 10 01:17:25 DESKTOP-QEHGMK8 kernel: [ 3730.148923] RDX: 0000000000000400 RSI: 00007ffc0cbfec40 RDI: 000000000000000e
Jun 10 01:17:25 DESKTOP-QEHGMK8 kernel: [ 3730.148924] RBP: 00007ffc0cc01c70 R08: 0000000000000000 R09: 0000000000000008
Jun 10 01:17:25 DESKTOP-QEHGMK8 kernel: [ 3730.148926] R10: 0000000000001770 R11: 0000000000000293 R12: 0000000000000000
Jun 10 01:17:25 DESKTOP-QEHGMK8 kernel: [ 3730.148927] R13: 0000000000001770 R14: 0000000005f55500 R15: 0000000007231be0
Jun 10 01:17:25 DESKTOP-QEHGMK8 kernel: [ 3730.148929] FS:  00007fba7addc880 GS:  0000000000000000
Jun 10 01:17:25 DESKTOP-QEHGMK8 kernel: [ 3730.148935] potentially unexpected fatal signal 3.
Jun 10 01:17:25 DESKTOP-QEHGMK8 kernel: [ 3730.148937] CPU: 7 PID: 8504 Comm: node Not tainted 5.15.146.1-microsoft-standard-WSL2 #1
Jun 10 01:17:25 DESKTOP-QEHGMK8 kernel: [ 3730.148939] RIP: 0033:0x7f23f57b3b68
Jun 10 01:17:25 DESKTOP-QEHGMK8 kernel: [ 3730.148942] Code: ae f6 ff 4c 8b 44 24 18 44 8b 54 24 14 41 b9 08 00 00 00 41 89 c4 8b 54 24 10 48 8b 74 24 08 b8 19 01 00 00 8b 7c 24 04 0f 05 <48> 3d 00 f0 ff ff 77 38 44 89 e7 89 44 24 04 e8 e4 ae f6 ff 8b 44
Jun 10 01:17:25 DESKTOP-QEHGMK8 kernel: [ 3730.148944] RSP: 002b:00007ffd85a2d930 EFLAGS: 00000293 ORIG_RAX: 0000000000000119
Jun 10 01:17:25 DESKTOP-QEHGMK8 kernel: [ 3730.148946] RAX: fffffffffffffffc RBX: 0000000000000000 RCX: 00007f23f57b3b68
Jun 10 01:17:25 DESKTOP-QEHGMK8 kernel: [ 3730.148947] RDX: 0000000000000400 RSI: 00007ffd85a2e690 RDI: 000000000000000d
Jun 10 01:17:25 DESKTOP-QEHGMK8 kernel: [ 3730.148952] RBP: 00007ffd85a316c0 R08: 0000000000000000 R09: 0000000000000008
Jun 10 01:17:25 DESKTOP-QEHGMK8 kernel: [ 3730.148954] R10: 00000000ffffffff R11: 0000000000000293 R12: 0000000000000000
Jun 10 01:17:25 DESKTOP-QEHGMK8 kernel: [ 3730.148955] R13: 00000000ffffffff R14: 0000000005f55500 R15: 000000000655ea90
Jun 10 01:17:25 DESKTOP-QEHGMK8 kernel: [ 3730.148957] FS:  00007f23f5689880 GS:  0000000000000000
Jun 10 01:17:25 DESKTOP-QEHGMK8 kernel: [ 3730.148961] potentially unexpected fatal signal 3.
Jun 10 01:17:25 DESKTOP-QEHGMK8 kernel: [ 3730.148965] CPU: 4 PID: 8503 Comm: sh Not tainted 5.15.146.1-microsoft-standard-WSL2 #1
Jun 10 01:17:25 DESKTOP-QEHGMK8 kernel: [ 3730.148970] RIP: 0033:0x7f6e4d1a53ea
Jun 10 01:17:25 DESKTOP-QEHGMK8 kernel: [ 3730.149223] potentially unexpected fatal signal 3.
Jun 10 01:17:25 DESKTOP-QEHGMK8 kernel: [ 3730.149228] CPU: 5 PID: 8490 Comm: npm run dev Not tainted 5.15.146.1-microsoft-standard-WSL2 #1
Jun 10 01:17:25 DESKTOP-QEHGMK8 kernel: [ 3730.149235] Code: ff e9 0a 00 00 00 66 2e 0f 1f 84 00 00 00 00 00 f3 0f 1e fa 49 89 ca 64 8b 04 25 18 00 00 00 85 c0 75 15 b8 3d 00 00 00 0f 05 <48> 3d 00 f0 ff ff 77 5e c3 0f 1f 44 00 00 48 83 ec 28 89 54 24 14
Jun 10 01:17:25 DESKTOP-QEHGMK8 kernel: [ 3730.149232] RIP: 0033:0x7f423fef0b68
Jun 10 01:17:25 DESKTOP-QEHGMK8 kernel: [ 3730.149240] RSP: 002b:00007ffeddbceb18 EFLAGS: 00000246 ORIG_RAX: 000000000000003d
Jun 10 01:17:25 DESKTOP-QEHGMK8 kernel: [ 3730.149243] Code: ae f6 ff 4c 8b 44 24 18 44 8b 54 24 14 41 b9 08 00 00 00 41 89 c4 8b 54 24 10 48 8b 74 24 08 b8 19 01 00 00 8b 7c 24 04 0f 05 <48> 3d 00 f0 ff ff 77 38 44 89 e7 89 44 24 04 e8 e4 ae f6 ff 8b 44
Jun 10 01:17:25 DESKTOP-QEHGMK8 kernel: [ 3730.149244] RAX: fffffffffffffe00 RBX: 0000000000000000 RCX: 00007f6e4d1a53ea
Jun 10 01:17:25 DESKTOP-QEHGMK8 kernel: [ 3730.149246] RSP: 002b:00007fff06556c90 EFLAGS: 00000293
Jun 10 01:17:25 DESKTOP-QEHGMK8 kernel: [ 3730.149247] RDX: 0000000000000000 RSI: 00007ffeddbceb2c RDI: 00000000ffffffff
Jun 10 01:17:25 DESKTOP-QEHGMK8 kernel: [ 3730.149249] RBP: 00007ffeddbceb2c R08: 00007ffeddbceac0 R09: 0000556545013fc0
Jun 10 01:17:25 DESKTOP-QEHGMK8 kernel: [ 3730.149249]  ORIG_RAX: 0000000000000119
Jun 10 01:17:25 DESKTOP-QEHGMK8 kernel: [ 3730.149252] R10: 0000000000000000 R11: 0000000000000246 R12: 0000000000000000
Jun 10 01:17:25 DESKTOP-QEHGMK8 kernel: [ 3730.149251] RAX: fffffffffffffffc RBX: 0000000000000000 RCX: 00007f423fef0b68
Jun 10 01:17:25 DESKTOP-QEHGMK8 kernel: [ 3730.149254] R13: 00007ffeddbcebb0 R14: 0000556545013fc0 R15: 0000000000000001
Jun 10 01:17:25 DESKTOP-QEHGMK8 kernel: [ 3730.149255] RDX: 0000000000000400 RSI: 00007fff065579f0 RDI: 000000000000000d
Jun 10 01:17:25 DESKTOP-QEHGMK8 kernel: [ 3730.149256] FS:  00007f6e4d0b8740 GS:  0000000000000000
Jun 10 01:17:25 DESKTOP-QEHGMK8 kernel: [ 3730.149258] RBP: 00007fff0655aa20 R08: 0000000000000000 R09: 0000000000000008
Jun 10 01:17:25 DESKTOP-QEHGMK8 kernel: [ 3730.149260] R10: 00000000ffffffff R11: 0000000000000293 R12: 0000000000000000
Jun 10 01:17:25 DESKTOP-QEHGMK8 kernel: [ 3730.149262] R13: 00000000ffffffff R14: 0000000005f55500 R15: 0000000006c8aa20
Jun 10 01:17:25 DESKTOP-QEHGMK8 kernel: [ 3730.149264] FS:  00007f423fdc6880 GS:  0000000000000000